MPLINK 5.00, LINKER
Linker Map File - Created Wed Jan 05 09:17:24 2022

                                 Section Info
                  Section       Type    Address   Location Size(Bytes)
                ---------  ---------  ---------  ---------  ---------
               _entry_scn       code   0x000000    program   0x000006
       .code__user_putc.o       code   0x000006    program   0x000002
      InterruptVectorHigh       code   0x000008    program   0x000006
           .code___init.o       code   0x00000e    program   0x000002
          .idata_uart.o_i    romdata   0x000010    program   0x000006
           .idata_adc.o_i    romdata   0x000016    program   0x000000
      .idata_fxd0808u.o_i    romdata   0x000016    program   0x000000
      .idata_fxd1616u.o_i    romdata   0x000016    program   0x000000
      .idata_fxd2424u.o_i    romdata   0x000016    program   0x000000
      .idata_fxd3232u.o_i    romdata   0x000016    program   0x000000
       .idata_fxm3232.o_i    romdata   0x000016    program   0x000000
        .idata___init.o_i    romdata   0x000016    program   0x000000
    .idata__user_putc.o_i    romdata   0x000016    program   0x000000
            .code_c018i.o       code   0x000016    program   0x000000
         .idata_c018i.o_i    romdata   0x000016    program   0x000000
       InterruptVectorLow       code   0x000018    program   0x000006
                   .cinit    romdata   0x00001e    program   0x000056
             .code_main.o       code   0x000074    program   0x004a18
         .code_vfprintf.o       code   0x004a8c    program   0x000c22
              .code_lcd.o       code   0x0056ae    program   0x000a7c
           .code_button.o       code   0x00612a    program   0x000608
             .code_uart.o       code   0x006732    program   0x0005da
            .code_timer.o       code   0x006d0c    program   0x00051c
             .stringtable    romdata   0x007228    program   0x00026f
      .romdata_fxd0808u.o    romdata   0x007497    program   0x000000
          .romdata_uart.o    romdata   0x007497    program   0x000000
      .romdata_fxd1616u.o    romdata   0x007497    program   0x000000
           .romdata_lcd.o    romdata   0x007497    program   0x000000
           .romdata_adc.o    romdata   0x007497    program   0x000000
     .romdata_interrupt.o    romdata   0x007497    program   0x000000
      .romdata_fxd2424u.o    romdata   0x007497    program   0x000000
      .romdata_fxd3232u.o    romdata   0x007497    program   0x000000
       .romdata_fxm3232.o    romdata   0x007497    program   0x000000
        .romdata_button.o    romdata   0x007497    program   0x000000
        .romdata___init.o    romdata   0x007497    program   0x000000
       .idata_sprintf.o_i    romdata   0x007497    program   0x000000
       .romdata_sprintf.o    romdata   0x007497    program   0x000000
      .idata_vfprintf.o_i    romdata   0x007497    program   0x000000
          .idata_putc.o_i    romdata   0x007497    program   0x000000
          .romdata_main.o    romdata   0x007497    program   0x000000
          .romdata_putc.o    romdata   0x007497    program   0x000000
           .romdata_i2c.o    romdata   0x007497    program   0x000000
           .idata_i2c.o_i    romdata   0x007497    program   0x000001
         .romdata_timer.o    romdata   0x007497    program   0x000000
    .romdata__user_putc.o    romdata   0x007497    program   0x000000
         .romdata_c018i.o    romdata   0x007497    program   0x000000
              .code_i2c.o       code   0x007498    program   0x000240
        .code_interrupt.o       code   0x0076d8    program   0x0001d0
                     PROG       code   0x0078a8    program   0x00019c
          .code_sprintf.o       code   0x007a44    program   0x0000ac
               _cinit_scn       code   0x007af0    program   0x00009e
              .code_adc.o       code   0x007b8e    program   0x00008c
             .code_putc.o       code   0x007c1a    program   0x000084
          .code_fxm3232.o       code   0x007c9e    program   0x000070
                   STRING       code   0x007d0e    program   0x000066
         .code_fxd3232u.o       code   0x007d74    program   0x000048
         .code_fxd2424u.o       code   0x007dbc    program   0x00003a
         .code_fxd1616u.o       code   0x007df6    program   0x00002c
                    CTYPE       code   0x007e22    program   0x000024
                    .code       code   0x007e46    program   0x000020
             _startup_scn       code   0x007e66    program   0x00001c
                    STDIO       code   0x007e82    program   0x00001c
         .code_fxd0808u.o       code   0x007e9e    program   0x00001c
      .romdata_vfprintf.o    romdata   0x007eba    program   0x000011
         .idata_timer.o_i    romdata   0x007ecb    program   0x000020
          .idata_main.o_i    romdata   0x007eeb    program   0x000059
           .idata_lcd.o_i    romdata   0x007f44    program   0x000021
     .idata_interrupt.o_i    romdata   0x007f65    program   0x000004
        .idata_button.o_i    romdata   0x007f69    program   0x000028
    .config_300001_main.o    romdata   0x300001    program   0x000001
    .config_300002_main.o    romdata   0x300002    program   0x000001
    .config_300003_main.o    romdata   0x300003    program   0x000001
    .config_300005_main.o    romdata   0x300005    program   0x000001
    .config_300006_main.o    romdata   0x300006    program   0x000001
    .config_300008_main.o    romdata   0x300008    program   0x000001
    .config_300009_main.o    romdata   0x300009    program   0x000001
    .config_30000a_main.o    romdata   0x30000a    program   0x000001
    .config_30000b_main.o    romdata   0x30000b    program   0x000001
    .config_30000c_main.o    romdata   0x30000c    program   0x000001
    .config_30000d_main.o    romdata   0x30000d    program   0x000001
                MATH_DATA      udata   0x000000       data   0x000014
                 .tmpdata      udata   0x000014       data   0x00000a
            .idata_main.o      idata   0x000080       data   0x000059
             .idata_lcd.o      idata   0x0000d9       data   0x000021
            .idata_uart.o      idata   0x0000fa       data   0x000006
                   .stack      udata   0x000e00       data   0x000100
          .idata_button.o      idata   0x000f00       data   0x000028
           .idata_timer.o      idata   0x000f28       data   0x000020
            .udata_uart.o      udata   0x000f48       data   0x000012
            .udata_main.o      udata   0x000f5a       data   0x00000b
           .udata_c018i.o      udata   0x000f65       data   0x00000a
             .udata_lcd.o      udata   0x000f6f       data   0x000004
       .idata_interrupt.o      idata   0x000f73       data   0x000004
             .idata_i2c.o      idata   0x000f77       data   0x000001
      .idata__user_putc.o      idata   0x000f78       data   0x000000
      .udata__user_putc.o      udata   0x000f78       data   0x000000
            .idata_putc.o      idata   0x000f78       data   0x000000
            .udata_putc.o      udata   0x000f78       data   0x000000
        .idata_vfprintf.o      idata   0x000f78       data   0x000000
        .udata_vfprintf.o      udata   0x000f78       data   0x000000
         .idata_sprintf.o      idata   0x000f78       data   0x000000
         .udata_sprintf.o      udata   0x000f78       data   0x000000
          .idata___init.o      idata   0x000f78       data   0x000000
          .udata___init.o      udata   0x000f78       data   0x000000
         .idata_fxm3232.o      idata   0x000f78       data   0x000000
         .udata_fxm3232.o      udata   0x000f78       data   0x000000
        .idata_fxd3232u.o      idata   0x000f78       data   0x000000
        .udata_fxd3232u.o      udata   0x000f78       data   0x000000
        .idata_fxd2424u.o      idata   0x000f78       data   0x000000
        .udata_fxd2424u.o      udata   0x000f78       data   0x000000
        .idata_fxd1616u.o      idata   0x000f78       data   0x000000
        .udata_fxd1616u.o      udata   0x000f78       data   0x000000
        .idata_fxd0808u.o      idata   0x000f78       data   0x000000
        .udata_fxd0808u.o      udata   0x000f78       data   0x000000
           .idata_c018i.o      idata   0x000f78       data   0x000000
       .udata_interrupt.o      udata   0x000f78       data   0x000000
             .idata_adc.o      idata   0x000f78       data   0x000000
             .udata_adc.o      udata   0x000f78       data   0x000000
          .udata_button.o      udata   0x000f78       data   0x000000
             .udata_i2c.o      udata   0x000f78       data   0x000000
           .udata_timer.o      udata   0x000f78       data   0x000000
            SFR_UNBANKED0      udata   0x000f80       data   0x000080



                              Program Memory Usage 
                               Start         End      
                           ---------   ---------      
                            0x000000    0x000015      
                            0x000018    0x007f90      
                            0x300001    0x300003      
                            0x300005    0x300006      
                            0x300008    0x30000d      
            32666 out of 66584 program addresses used, program memory utilization is 49%



                              Symbols - Sorted by Name
                     Name    Address   Location    Storage File                     
                ---------  ---------  ---------  --------- ---------                
                  BCD2Dec   0x007498    program     extern D:\vxl_doan\VDK-11-6\Bai6_I2c_1\i2c\i2c.c
          Check_condition   0x000240    program     extern D:\vxl_doan\VDK-11-6\Bai6_I2c_1\main.c
               Configpass   0x002076    program     extern D:\vxl_doan\VDK-11-6\Bai6_I2c_1\main.c
                   D0808S   0x0078be    program     static E:\3.46\pic18-lt\cxx-framework\src\traditional\math\fxd0808s.asm
                D0808SNEG   0x0078cc    program     static E:\3.46\pic18-lt\cxx-framework\src\traditional\math\fxd0808s.asm
                 D0808SOK   0x0078c8    program     static E:\3.46\pic18-lt\cxx-framework\src\traditional\math\fxd0808s.asm
                  D0808SX   0x0078d2    program     static E:\3.46\pic18-lt\cxx-framework\src\traditional\math\fxd0808s.asm
                   D1616S   0x0078fe    program     static E:\3.46\pic18-lt\cxx-framework\src\traditional\math\fxd1616s.asm
                D1616SNEG   0x00790c    program     static E:\3.46\pic18-lt\cxx-framework\src\traditional\math\fxd1616s.asm
                 D1616SOK   0x007908    program     static E:\3.46\pic18-lt\cxx-framework\src\traditional\math\fxd1616s.asm
                  D1616SX   0x00791e    program     static E:\3.46\pic18-lt\cxx-framework\src\traditional\math\fxd1616s.asm
                   D2424S   0x007952    program     static E:\3.46\pic18-lt\cxx-framework\src\traditional\math\fxd2424s.asm
                D2424SNEG   0x007960    program     static E:\3.46\pic18-lt\cxx-framework\src\traditional\math\fxd2424s.asm
                 D2424SOK   0x00795c    program     static E:\3.46\pic18-lt\cxx-framework\src\traditional\math\fxd2424s.asm
                  D2424SX   0x007978    program     static E:\3.46\pic18-lt\cxx-framework\src\traditional\math\fxd2424s.asm
                   D3232S   0x0079b2    program     static E:\3.46\pic18-lt\cxx-framework\src\traditional\math\fxd3232s.asm
                D3232SNEG   0x0079c0    program     static E:\3.46\pic18-lt\cxx-framework\src\traditional\math\fxd3232s.asm
                 D3232SOK   0x0079bc    program     static E:\3.46\pic18-lt\cxx-framework\src\traditional\math\fxd3232s.asm
                  D3232SX   0x0079e0    program     static E:\3.46\pic18-lt\cxx-framework\src\traditional\math\fxd3232s.asm
                  DA0808S   0x0078b4    program     static E:\3.46\pic18-lt\cxx-framework\src\traditional\math\fxd0808s.asm
                  DA1616S   0x0078ee    program     static E:\3.46\pic18-lt\cxx-framework\src\traditional\math\fxd1616s.asm
                  DA2424S   0x00793e    program     static E:\3.46\pic18-lt\cxx-framework\src\traditional\math\fxd2424s.asm
                  DA3232S   0x00799c    program     static E:\3.46\pic18-lt\cxx-framework\src\traditional\math\fxd3232s.asm
                  Dec2BCD   0x0074d6    program     extern D:\vxl_doan\VDK-11-6\Bai6_I2c_1\i2c\i2c.c
                Direction   0x001dd0    program     extern D:\vxl_doan\VDK-11-6\Bai6_I2c_1\main.c
      DisplayCustom_mode1   0x002716    program     extern D:\vxl_doan\VDK-11-6\Bai6_I2c_1\main.c
      DisplayCustom_mode2   0x003664    program     extern D:\vxl_doan\VDK-11-6\Bai6_I2c_1\main.c
         DisplayLcdScreen   0x005f0c    program     extern D:\vxl_doan\VDK-11-6\Bai6_I2c_1\lcd\lcd.c
        DisplayLcdScreen2   0x005f76    program     extern D:\vxl_doan\VDK-11-6\Bai6_I2c_1\lcd\lcd.c
              DisplayTime   0x000e80    program     extern D:\vxl_doan\VDK-11-6\Bai6_I2c_1\main.c
        DisplayTimeandHum   0x000832    program     extern D:\vxl_doan\VDK-11-6\Bai6_I2c_1\main.c
                 FXD0808S   0x0078a8    program     extern E:\3.46\pic18-lt\cxx-framework\src\traditional\math\fxd0808s.asm
                 FXD0808U   0x007e9e    program     extern E:\3.46\pic18-lt\cxx-framework\src\traditional\math\fxd0808u.c
                 FXD1616S   0x0078dc    program     extern E:\3.46\pic18-lt\cxx-framework\src\traditional\math\fxd1616s.asm
                 FXD1616U   0x007df6    program     extern E:\3.46\pic18-lt\cxx-framework\src\traditional\math\fxd1616u.c
                 FXD2424S   0x007928    program     extern E:\3.46\pic18-lt\cxx-framework\src\traditional\math\fxd2424s.asm
                 FXD2424U   0x007dbc    program     extern E:\3.46\pic18-lt\cxx-framework\src\traditional\math\fxd2424u.c
                 FXD3232S   0x007982    program     extern E:\3.46\pic18-lt\cxx-framework\src\traditional\math\fxd3232s.asm
                 FXD3232U   0x007d74    program     extern E:\3.46\pic18-lt\cxx-framework\src\traditional\math\fxd3232u.c
                 FXM1616S   0x0079ea    program     extern E:\3.46\pic18-lt\cxx-framework\src\traditional\math\fxm1616s.asm
                  FXM3232   0x007c9e    program     extern E:\3.46\pic18-lt\cxx-framework\src\traditional\math\fxm3232.c
             Get_humidity   0x0041dc    program     extern D:\vxl_doan\VDK-11-6\Bai6_I2c_1\main.c
                  Getmode   0x0006aa    program     extern D:\vxl_doan\VDK-11-6\Bai6_I2c_1\main.c
      InterruptVectorHigh   0x000008    program     extern D:\vxl_doan\VDK-11-6\Bai6_I2c_1\interrupt\interrupt.c
       InterruptVectorLow   0x000018    program     extern D:\vxl_doan\VDK-11-6\Bai6_I2c_1\interrupt\interrupt.c
                LcdClearS   0x005eae    program     extern D:\vxl_doan\VDK-11-6\Bai6_I2c_1\lcd\lcd.c
            LcdPrintCharS   0x005ffc    program     extern D:\vxl_doan\VDK-11-6\Bai6_I2c_1\lcd\lcd.c
              LcdPrintNum   0x005d9a    program     extern D:\vxl_doan\VDK-11-6\Bai6_I2c_1\lcd\lcd.c
             LcdPrintNumS   0x006052    program     extern D:\vxl_doan\VDK-11-6\Bai6_I2c_1\lcd\lcd.c
           LcdPrintString   0x005de2    program     extern D:\vxl_doan\VDK-11-6\Bai6_I2c_1\lcd\lcd.c
          LcdPrintStringS   0x0060d4    program     extern D:\vxl_doan\VDK-11-6\Bai6_I2c_1\lcd\lcd.c
                 Security   0x0018de    program     extern D:\vxl_doan\VDK-11-6\Bai6_I2c_1\main.c
            Send_humidity   0x00423a    program     extern D:\vxl_doan\VDK-11-6\Bai6_I2c_1\main.c
                  SetTime   0x0013c6    program     extern D:\vxl_doan\VDK-11-6\Bai6_I2c_1\main.c
             SetTimer0_ms   0x007188    program     extern D:\vxl_doan\VDK-11-6\Bai6_I2c_1\timer\timer.c
             SetTimer1_ms   0x0071ac    program     extern D:\vxl_doan\VDK-11-6\Bai6_I2c_1\timer\timer.c
             SetTimer3_ms   0x0071ea    program     extern D:\vxl_doan\VDK-11-6\Bai6_I2c_1\timer\timer.c
         Set_Custom_mode1   0x002cae    program     extern D:\vxl_doan\VDK-11-6\Bai6_I2c_1\main.c
         Set_Custom_mode2   0x003b66    program     extern D:\vxl_doan\VDK-11-6\Bai6_I2c_1\main.c
               TSIGN1616A   0x007a36    program     static E:\3.46\pic18-lt\cxx-framework\src\traditional\math\fxm1616s.asm
              UartSendNum   0x006962    program     extern D:\vxl_doan\VDK-11-6\Bai6_I2c_1\uart\uart.c
       UartSendNumPercent   0x006b98    program     extern D:\vxl_doan\VDK-11-6\Bai6_I2c_1\uart\uart.c
           UartSendString   0x006834    program     extern D:\vxl_doan\VDK-11-6\Bai6_I2c_1\uart\uart.c
                   _2jEnd   0x007d5e    program     static E:\3.46\pic18-lt\cxx-framework\src\traditional\stdclib\slenpgm.asm
       ___return_lbl00000   0x007e20    program     static                          
       ___return_lbl00000   0x000004    program     static                          
       ___return_lbl00000   0x007df4    program     static                          
       ___return_lbl00000   0x007eb8    program     static                          
       ___return_lbl00000   0x007dba    program     static                          
       ___return_lbl00000   0x007d0c    program     static                          
       ___return_lbl00001   0x007e80    program     static                          
       ___return_lbl00002   0x007b8c    program     static                          
       ___return_lbl00002   0x00001c    program     static                          
       ___return_lbl00003   0x00000c    program     static                          
               __config_0   0x300001    program     static D:\vxl_doan\VDK-11-6\Bai6_I2c_1\main.c
               __config_1   0x300002    program     static D:\vxl_doan\VDK-11-6\Bai6_I2c_1\main.c
              __config_10   0x30000d    program     static D:\vxl_doan\VDK-11-6\Bai6_I2c_1\main.c
               __config_2   0x300003    program     static D:\vxl_doan\VDK-11-6\Bai6_I2c_1\main.c
               __config_3   0x300005    program     static D:\vxl_doan\VDK-11-6\Bai6_I2c_1\main.c
               __config_4   0x300006    program     static D:\vxl_doan\VDK-11-6\Bai6_I2c_1\main.c
               __config_5   0x300008    program     static D:\vxl_doan\VDK-11-6\Bai6_I2c_1\main.c
               __config_6   0x300009    program     static D:\vxl_doan\VDK-11-6\Bai6_I2c_1\main.c
               __config_7   0x30000a    program     static D:\vxl_doan\VDK-11-6\Bai6_I2c_1\main.c
               __config_8   0x30000b    program     static D:\vxl_doan\VDK-11-6\Bai6_I2c_1\main.c
               __config_9   0x30000c    program     static D:\vxl_doan\VDK-11-6\Bai6_I2c_1\main.c
                   __init   0x00000e    program     extern E:\3.46\pic18-lt\cxx-framework\src\traditional\stdclib\__init.c
                   __pa_0   0x0053cc    program     static E:\3.46\pic18-lt\cxx-framework\src\traditional\stdclib\vfprintf.c
                   __pa_1   0x0053d4    program     static E:\3.46\pic18-lt\cxx-framework\src\traditional\stdclib\vfprintf.c
                  __pa_10   0x005488    program     static E:\3.46\pic18-lt\cxx-framework\src\traditional\stdclib\vfprintf.c
                  __pa_11   0x005496    program     static E:\3.46\pic18-lt\cxx-framework\src\traditional\stdclib\vfprintf.c
                  __pa_12   0x0054ac    program     static E:\3.46\pic18-lt\cxx-framework\src\traditional\stdclib\vfprintf.c
                  __pa_13   0x0054c6    program     static E:\3.46\pic18-lt\cxx-framework\src\traditional\stdclib\vfprintf.c
                  __pa_14   0x0054de    program     static E:\3.46\pic18-lt\cxx-framework\src\traditional\stdclib\vfprintf.c
                  __pa_15   0x0054ee    program     static E:\3.46\pic18-lt\cxx-framework\src\traditional\stdclib\vfprintf.c
                  __pa_16   0x005504    program     static E:\3.46\pic18-lt\cxx-framework\src\traditional\stdclib\vfprintf.c
                  __pa_17   0x005516    program     static E:\3.46\pic18-lt\cxx-framework\src\traditional\stdclib\vfprintf.c
                  __pa_18   0x005528    program     static E:\3.46\pic18-lt\cxx-framework\src\traditional\stdclib\vfprintf.c
                  __pa_19   0x005532    program     static E:\3.46\pic18-lt\cxx-framework\src\traditional\stdclib\vfprintf.c
                   __pa_2   0x0053de    program     static E:\3.46\pic18-lt\cxx-framework\src\traditional\stdclib\vfprintf.c
                  __pa_20   0x005542    program     static E:\3.46\pic18-lt\cxx-framework\src\traditional\stdclib\vfprintf.c
                  __pa_21   0x005552    program     static E:\3.46\pic18-lt\cxx-framework\src\traditional\stdclib\vfprintf.c
                  __pa_22   0x005562    program     static E:\3.46\pic18-lt\cxx-framework\src\traditional\stdclib\vfprintf.c
                  __pa_23   0x00556e    program     static E:\3.46\pic18-lt\cxx-framework\src\traditional\stdclib\vfprintf.c
                  __pa_24   0x00557c    program     static E:\3.46\pic18-lt\cxx-framework\src\traditional\stdclib\vfprintf.c
                  __pa_25   0x005584    program     static E:\3.46\pic18-lt\cxx-framework\src\traditional\stdclib\vfprintf.c
                  __pa_26   0x00558e    program     static E:\3.46\pic18-lt\cxx-framework\src\traditional\stdclib\vfprintf.c
                  __pa_27   0x005598    program     static E:\3.46\pic18-lt\cxx-framework\src\traditional\stdclib\vfprintf.c
                  __pa_28   0x0055a0    program     static E:\3.46\pic18-lt\cxx-framework\src\traditional\stdclib\vfprintf.c
                  __pa_29   0x0055ae    program     static E:\3.46\pic18-lt\cxx-framework\src\traditional\stdclib\vfprintf.c
                   __pa_3   0x0053e8    program     static E:\3.46\pic18-lt\cxx-framework\src\traditional\stdclib\vfprintf.c
                  __pa_30   0x0055ca    program     static E:\3.46\pic18-lt\cxx-framework\src\traditional\stdclib\vfprintf.c
                  __pa_31   0x0055e4    program     static E:\3.46\pic18-lt\cxx-framework\src\traditional\stdclib\vfprintf.c
                  __pa_32   0x0055fe    program     static E:\3.46\pic18-lt\cxx-framework\src\traditional\stdclib\vfprintf.c
                  __pa_33   0x005616    program     static E:\3.46\pic18-lt\cxx-framework\src\traditional\stdclib\vfprintf.c
                  __pa_34   0x005620    program     static E:\3.46\pic18-lt\cxx-framework\src\traditional\stdclib\vfprintf.c
                  __pa_35   0x00562e    program     static E:\3.46\pic18-lt\cxx-framework\src\traditional\stdclib\vfprintf.c
                  __pa_36   0x005636    program     static E:\3.46\pic18-lt\cxx-framework\src\traditional\stdclib\vfprintf.c
                  __pa_37   0x005640    program     static E:\3.46\pic18-lt\cxx-framework\src\traditional\stdclib\vfprintf.c
                  __pa_38   0x005650    program     static E:\3.46\pic18-lt\cxx-framework\src\traditional\stdclib\vfprintf.c
                  __pa_39   0x00565e    program     static E:\3.46\pic18-lt\cxx-framework\src\traditional\stdclib\vfprintf.c
                   __pa_4   0x005400    program     static E:\3.46\pic18-lt\cxx-framework\src\traditional\stdclib\vfprintf.c
                  __pa_40   0x00566a    program     static E:\3.46\pic18-lt\cxx-framework\src\traditional\stdclib\vfprintf.c
                  __pa_41   0x005676    program     static E:\3.46\pic18-lt\cxx-framework\src\traditional\stdclib\vfprintf.c
                  __pa_42   0x00567e    program     static E:\3.46\pic18-lt\cxx-framework\src\traditional\stdclib\vfprintf.c
                  __pa_43   0x005688    program     static E:\3.46\pic18-lt\cxx-framework\src\traditional\stdclib\vfprintf.c
                  __pa_44   0x00568e    program     static E:\3.46\pic18-lt\cxx-framework\src\traditional\stdclib\vfprintf.c
                  __pa_45   0x005698    program     static E:\3.46\pic18-lt\cxx-framework\src\traditional\stdclib\vfprintf.c
                  __pa_46   0x0056a4    program     static E:\3.46\pic18-lt\cxx-framework\src\traditional\stdclib\vfprintf.c
                   __pa_5   0x005414    program     static E:\3.46\pic18-lt\cxx-framework\src\traditional\stdclib\vfprintf.c
                   __pa_6   0x005430    program     static E:\3.46\pic18-lt\cxx-framework\src\traditional\stdclib\vfprintf.c
                   __pa_7   0x00543a    program     static E:\3.46\pic18-lt\cxx-framework\src\traditional\stdclib\vfprintf.c
                   __pa_8   0x005446    program     static E:\3.46\pic18-lt\cxx-framework\src\traditional\stdclib\vfprintf.c
                   __pa_9   0x005468    program     static E:\3.46\pic18-lt\cxx-framework\src\traditional\stdclib\vfprintf.c
               __string_0   0x007228    program     static D:\vxl_doan\VDK-11-6\Bai6_I2c_1\lcd\lcd.c
               __string_0   0x007490    program     static D:\vxl_doan\VDK-11-6\Bai6_I2c_1\main.c
               __string_1   0x00748c    program     static D:\vxl_doan\VDK-11-6\Bai6_I2c_1\main.c
              __string_10   0x00746c    program     static D:\vxl_doan\VDK-11-6\Bai6_I2c_1\main.c
              __string_11   0x007467    program     static D:\vxl_doan\VDK-11-6\Bai6_I2c_1\main.c
              __string_12   0x007462    program     static D:\vxl_doan\VDK-11-6\Bai6_I2c_1\main.c
              __string_13   0x00745d    program     static D:\vxl_doan\VDK-11-6\Bai6_I2c_1\main.c
              __string_14   0x007459    program     static D:\vxl_doan\VDK-11-6\Bai6_I2c_1\main.c
              __string_15   0x007455    program     static D:\vxl_doan\VDK-11-6\Bai6_I2c_1\main.c
              __string_16   0x007451    program     static D:\vxl_doan\VDK-11-6\Bai6_I2c_1\main.c
              __string_17   0x00744d    program     static D:\vxl_doan\VDK-11-6\Bai6_I2c_1\main.c
              __string_18   0x007449    program     static D:\vxl_doan\VDK-11-6\Bai6_I2c_1\main.c
              __string_19   0x007445    program     static D:\vxl_doan\VDK-11-6\Bai6_I2c_1\main.c
               __string_2   0x007488    program     static D:\vxl_doan\VDK-11-6\Bai6_I2c_1\main.c
              __string_20   0x007441    program     static D:\vxl_doan\VDK-11-6\Bai6_I2c_1\main.c
              __string_21   0x00743d    program     static D:\vxl_doan\VDK-11-6\Bai6_I2c_1\main.c
              __string_22   0x007439    program     static D:\vxl_doan\VDK-11-6\Bai6_I2c_1\main.c
              __string_23   0x007435    program     static D:\vxl_doan\VDK-11-6\Bai6_I2c_1\main.c
              __string_24   0x007431    program     static D:\vxl_doan\VDK-11-6\Bai6_I2c_1\main.c
              __string_25   0x00742d    program     static D:\vxl_doan\VDK-11-6\Bai6_I2c_1\main.c
              __string_26   0x00742b    program     static D:\vxl_doan\VDK-11-6\Bai6_I2c_1\main.c
              __string_27   0x007428    program     static D:\vxl_doan\VDK-11-6\Bai6_I2c_1\main.c
              __string_28   0x007424    program     static D:\vxl_doan\VDK-11-6\Bai6_I2c_1\main.c
              __string_29   0x00741f    program     static D:\vxl_doan\VDK-11-6\Bai6_I2c_1\main.c
               __string_3   0x007484    program     static D:\vxl_doan\VDK-11-6\Bai6_I2c_1\main.c
              __string_30   0x00741c    program     static D:\vxl_doan\VDK-11-6\Bai6_I2c_1\main.c
              __string_31   0x00740b    program     static D:\vxl_doan\VDK-11-6\Bai6_I2c_1\main.c
              __string_32   0x007405    program     static D:\vxl_doan\VDK-11-6\Bai6_I2c_1\main.c
              __string_33   0x0073f4    program     static D:\vxl_doan\VDK-11-6\Bai6_I2c_1\main.c
              __string_34   0x0073e3    program     static D:\vxl_doan\VDK-11-6\Bai6_I2c_1\main.c
              __string_35   0x0073df    program     static D:\vxl_doan\VDK-11-6\Bai6_I2c_1\main.c
              __string_36   0x0073ce    program     static D:\vxl_doan\VDK-11-6\Bai6_I2c_1\main.c
              __string_37   0x0073bd    program     static D:\vxl_doan\VDK-11-6\Bai6_I2c_1\main.c
              __string_38   0x0073ac    program     static D:\vxl_doan\VDK-11-6\Bai6_I2c_1\main.c
              __string_39   0x00739b    program     static D:\vxl_doan\VDK-11-6\Bai6_I2c_1\main.c
               __string_4   0x007480    program     static D:\vxl_doan\VDK-11-6\Bai6_I2c_1\main.c
              __string_40   0x00738a    program     static D:\vxl_doan\VDK-11-6\Bai6_I2c_1\main.c
              __string_41   0x007379    program     static D:\vxl_doan\VDK-11-6\Bai6_I2c_1\main.c
              __string_42   0x007368    program     static D:\vxl_doan\VDK-11-6\Bai6_I2c_1\main.c
              __string_43   0x007357    program     static D:\vxl_doan\VDK-11-6\Bai6_I2c_1\main.c
              __string_44   0x007346    program     static D:\vxl_doan\VDK-11-6\Bai6_I2c_1\main.c
              __string_45   0x007335    program     static D:\vxl_doan\VDK-11-6\Bai6_I2c_1\main.c
              __string_46   0x007324    program     static D:\vxl_doan\VDK-11-6\Bai6_I2c_1\main.c
              __string_47   0x007313    program     static D:\vxl_doan\VDK-11-6\Bai6_I2c_1\main.c
              __string_48   0x007302    program     static D:\vxl_doan\VDK-11-6\Bai6_I2c_1\main.c
              __string_49   0x0072f1    program     static D:\vxl_doan\VDK-11-6\Bai6_I2c_1\main.c
               __string_5   0x00747c    program     static D:\vxl_doan\VDK-11-6\Bai6_I2c_1\main.c
              __string_50   0x0072e0    program     static D:\vxl_doan\VDK-11-6\Bai6_I2c_1\main.c
              __string_51   0x0072d9    program     static D:\vxl_doan\VDK-11-6\Bai6_I2c_1\main.c
              __string_52   0x0072d5    program     static D:\vxl_doan\VDK-11-6\Bai6_I2c_1\main.c
              __string_53   0x0072d1    program     static D:\vxl_doan\VDK-11-6\Bai6_I2c_1\main.c
              __string_54   0x0072c9    program     static D:\vxl_doan\VDK-11-6\Bai6_I2c_1\main.c
              __string_55   0x0072b8    program     static D:\vxl_doan\VDK-11-6\Bai6_I2c_1\main.c
              __string_56   0x0072b5    program     static D:\vxl_doan\VDK-11-6\Bai6_I2c_1\main.c
              __string_57   0x0072b2    program     static D:\vxl_doan\VDK-11-6\Bai6_I2c_1\main.c
              __string_58   0x0072af    program     static D:\vxl_doan\VDK-11-6\Bai6_I2c_1\main.c
              __string_59   0x0072ac    program     static D:\vxl_doan\VDK-11-6\Bai6_I2c_1\main.c
               __string_6   0x007478    program     static D:\vxl_doan\VDK-11-6\Bai6_I2c_1\main.c
              __string_60   0x0072aa    program     static D:\vxl_doan\VDK-11-6\Bai6_I2c_1\main.c
              __string_61   0x0072a5    program     static D:\vxl_doan\VDK-11-6\Bai6_I2c_1\main.c
              __string_62   0x0072a0    program     static D:\vxl_doan\VDK-11-6\Bai6_I2c_1\main.c
              __string_63   0x00729b    program     static D:\vxl_doan\VDK-11-6\Bai6_I2c_1\main.c
              __string_64   0x007296    program     static D:\vxl_doan\VDK-11-6\Bai6_I2c_1\main.c
              __string_65   0x007292    program     static D:\vxl_doan\VDK-11-6\Bai6_I2c_1\main.c
              __string_66   0x007290    program     static D:\vxl_doan\VDK-11-6\Bai6_I2c_1\main.c
              __string_67   0x00728d    program     static D:\vxl_doan\VDK-11-6\Bai6_I2c_1\main.c
              __string_68   0x00728a    program     static D:\vxl_doan\VDK-11-6\Bai6_I2c_1\main.c
              __string_69   0x007287    program     static D:\vxl_doan\VDK-11-6\Bai6_I2c_1\main.c
               __string_7   0x007474    program     static D:\vxl_doan\VDK-11-6\Bai6_I2c_1\main.c
              __string_70   0x007284    program     static D:\vxl_doan\VDK-11-6\Bai6_I2c_1\main.c
              __string_71   0x007281    program     static D:\vxl_doan\VDK-11-6\Bai6_I2c_1\main.c
              __string_72   0x00727e    program     static D:\vxl_doan\VDK-11-6\Bai6_I2c_1\main.c
              __string_73   0x00727b    program     static D:\vxl_doan\VDK-11-6\Bai6_I2c_1\main.c
              __string_74   0x007278    program     static D:\vxl_doan\VDK-11-6\Bai6_I2c_1\main.c
              __string_75   0x007275    program     static D:\vxl_doan\VDK-11-6\Bai6_I2c_1\main.c
              __string_76   0x007272    program     static D:\vxl_doan\VDK-11-6\Bai6_I2c_1\main.c
              __string_77   0x00726f    program     static D:\vxl_doan\VDK-11-6\Bai6_I2c_1\main.c
              __string_78   0x00726c    program     static D:\vxl_doan\VDK-11-6\Bai6_I2c_1\main.c
              __string_79   0x007269    program     static D:\vxl_doan\VDK-11-6\Bai6_I2c_1\main.c
               __string_8   0x007470    program     static D:\vxl_doan\VDK-11-6\Bai6_I2c_1\main.c
              __string_80   0x007266    program     static D:\vxl_doan\VDK-11-6\Bai6_I2c_1\main.c
              __string_81   0x007263    program     static D:\vxl_doan\VDK-11-6\Bai6_I2c_1\main.c
              __string_82   0x007260    program     static D:\vxl_doan\VDK-11-6\Bai6_I2c_1\main.c
              __string_83   0x00725d    program     static D:\vxl_doan\VDK-11-6\Bai6_I2c_1\main.c
              __string_84   0x00725a    program     static D:\vxl_doan\VDK-11-6\Bai6_I2c_1\main.c
              __string_85   0x007257    program     static D:\vxl_doan\VDK-11-6\Bai6_I2c_1\main.c
              __string_86   0x007254    program     static D:\vxl_doan\VDK-11-6\Bai6_I2c_1\main.c
              __string_87   0x007251    program     static D:\vxl_doan\VDK-11-6\Bai6_I2c_1\main.c
              __string_88   0x00724c    program     static D:\vxl_doan\VDK-11-6\Bai6_I2c_1\main.c
              __string_89   0x007247    program     static D:\vxl_doan\VDK-11-6\Bai6_I2c_1\main.c
               __string_9   0x00746e    program     static D:\vxl_doan\VDK-11-6\Bai6_I2c_1\main.c
              __string_90   0x007242    program     static D:\vxl_doan\VDK-11-6\Bai6_I2c_1\main.c
              __string_91   0x00723f    program     static D:\vxl_doan\VDK-11-6\Bai6_I2c_1\main.c
              __string_92   0x00723c    program     static D:\vxl_doan\VDK-11-6\Bai6_I2c_1\main.c
              __string_93   0x007239    program     static D:\vxl_doan\VDK-11-6\Bai6_I2c_1\main.c
              __string_94   0x007236    program     static D:\vxl_doan\VDK-11-6\Bai6_I2c_1\main.c
              __string_95   0x007233    program     static D:\vxl_doan\VDK-11-6\Bai6_I2c_1\main.c
              __string_96   0x007230    program     static D:\vxl_doan\VDK-11-6\Bai6_I2c_1\main.c
              __string_97   0x00722c    program     static D:\vxl_doan\VDK-11-6\Bai6_I2c_1\main.c
             __tmplbl_150   0x003588    program     static                          
             __tmplbl_155   0x003662    program     static                          
             __tmplbl_156   0x003584    program     static                          
             __tmplbl_157   0x003662    program     static                          
             __tmplbl_158   0x003584    program     static                          
             __tmplbl_159   0x003662    program     static                          
              __tmplbl_42   0x005562    program     static                          
              __tmplbl_43   0x0053aa    program     static                          
              __tmplbl_44   0x005390    program     static                          
              __tmplbl_85   0x004ae2    program     static                          
            __zero_memory   0x007e46    program     extern E:\3.46\pic18-lt\cxx-framework\src\traditional\proc\p18f4620.asm
                _do_cinit   0x007af0    program     extern E:\3.46\pic18-lt\cxx-framework\src\traditional\startup\c018i.c
                   _entry   0x000000    program     extern E:\3.46\pic18-lt\cxx-framework\src\traditional\startup\c018i.c
                   _false   0x007df0    program     static                          
                   _false   0x007db6    program     static                          
                 _startup   0x007e66    program     extern E:\3.46\pic18-lt\cxx-framework\src\traditional\startup\c018i.c
              _usart_putc   0x007e82    program     extern E:\3.46\pic18-lt\cxx-framework\src\pmc_common\USART\_usartpc.asm
               _user_putc   0x000006    program     extern E:\3.46\pic18-lt\cxx-framework\src\traditional\stdclib\_user_putc.c
          button_delay_ms   0x006584    program     extern D:\vxl_doan\VDK-11-6\Bai6_I2c_1\button_matrix\button.c
           buttonfunction   0x004164    program     extern D:\vxl_doan\VDK-11-6\Bai6_I2c_1\main.c
                compare_l   0x007e5c    program     static E:\3.46\pic18-lt\cxx-framework\src\traditional\proc\p18f4620.asm
                copy_loop   0x007b62    program     static                          
            copy_one_byte   0x007b68    program     static                          
                delay_i2c   0x007532    program     extern D:\vxl_doan\VDK-11-6\Bai6_I2c_1\i2c\i2c.c
                 delay_ms   0x000132    program     extern D:\vxl_doan\VDK-11-6\Bai6_I2c_1\main.c
                     done   0x007b8c    program     static                          
             done_copying   0x007b76    program     static                          
                  endloop   0x007eb4    program     static                          
                  endloop   0x007e1c    program     static                          
            get_adc_value   0x007b9c    program     extern D:\vxl_doan\VDK-11-6\Bai6_I2c_1\adc\adc.c
                get_order   0x004396    program     extern D:\vxl_doan\VDK-11-6\Bai6_I2c_1\main.c
                 high_isr   0x0077d2    program     extern D:\vxl_doan\VDK-11-6\Bai6_I2c_1\interrupt\interrupt.c
            i2c_read_byte   0x0075ea    program     extern D:\vxl_doan\VDK-11-6\Bai6_I2c_1\i2c\i2c.c
           i2c_start_cond   0x00755a    program     extern D:\vxl_doan\VDK-11-6\Bai6_I2c_1\i2c\i2c.c
            i2c_stop_cond   0x00756e    program     extern D:\vxl_doan\VDK-11-6\Bai6_I2c_1\i2c\i2c.c
           i2c_write_byte   0x00757a    program     extern D:\vxl_doan\VDK-11-6\Bai6_I2c_1\i2c\i2c.c
                 init_adc   0x007b8e    program     extern D:\vxl_doan\VDK-11-6\Bai6_I2c_1\adc\adc.c
            init_ext_int0   0x0076e0    program     extern D:\vxl_doan\VDK-11-6\Bai6_I2c_1\interrupt\interrupt.c
                 init_i2c   0x00752c    program     extern D:\vxl_doan\VDK-11-6\Bai6_I2c_1\i2c\i2c.c
           init_interrupt   0x0076d8    program     extern D:\vxl_doan\VDK-11-6\Bai6_I2c_1\interrupt\interrupt.c
          init_key_matrix   0x00612a    program     extern D:\vxl_doan\VDK-11-6\Bai6_I2c_1\button_matrix\button.c
init_key_matrix_with_uart   0x006132    program     extern D:\vxl_doan\VDK-11-6\Bai6_I2c_1\button_matrix\button.c
                 init_lcd   0x00583a    program     extern D:\vxl_doan\VDK-11-6\Bai6_I2c_1\lcd\lcd.c
              init_system   0x0001ba    program     extern D:\vxl_doan\VDK-11-6\Bai6_I2c_1\main.c
              init_timer0   0x006d0c    program     extern D:\vxl_doan\VDK-11-6\Bai6_I2c_1\timer\timer.c
              init_timer1   0x006e50    program     extern D:\vxl_doan\VDK-11-6\Bai6_I2c_1\timer\timer.c
              init_timer2   0x006f9a    program     extern D:\vxl_doan\VDK-11-6\Bai6_I2c_1\timer\timer.c
              init_timer3   0x006fd2    program     extern D:\vxl_doan\VDK-11-6\Bai6_I2c_1\timer\timer.c
                init_uart   0x006732    program     extern D:\vxl_doan\VDK-11-6\Bai6_I2c_1\uart\uart.c
             isButtonBack   0x0040e6    program     extern D:\vxl_doan\VDK-11-6\Bai6_I2c_1\main.c
             isButtonDown   0x004134    program     extern D:\vxl_doan\VDK-11-6\Bai6_I2c_1\main.c
          isButtonFuntion   0x0040c8    program     extern D:\vxl_doan\VDK-11-6\Bai6_I2c_1\main.c
             isButtonMode   0x0040aa    program     extern D:\vxl_doan\VDK-11-6\Bai6_I2c_1\main.c
               isButtonUp   0x004104    program     extern D:\vxl_doan\VDK-11-6\Bai6_I2c_1\main.c
                  isdigit   0x007e22    program     extern E:\3.46\pic18-lt\cxx-framework\src\traditional\stdclib\isdigit.asm
                     jEnd   0x007d28    program     static E:\3.46\pic18-lt\cxx-framework\src\traditional\stdclib\strlen.asm
                     jEnd   0x007d60    program     static E:\3.46\pic18-lt\cxx-framework\src\traditional\stdclib\slenpgm.asm
                    jLoop   0x007d1e    program     static E:\3.46\pic18-lt\cxx-framework\src\traditional\stdclib\strlen.asm
                    jLoop   0x007d48    program     static E:\3.46\pic18-lt\cxx-framework\src\traditional\stdclib\slenpgm.asm
                   jMatch   0x007e42    program     static E:\3.46\pic18-lt\cxx-framework\src\traditional\stdclib\isdigit.asm
                 jNoMatch   0x007e44    program     static E:\3.46\pic18-lt\cxx-framework\src\traditional\stdclib\isdigit.asm
                lcd_clear   0x005d86    program     extern D:\vxl_doan\VDK-11-6\Bai6_I2c_1\lcd\lcd.c
                lcd_delay   0x0056ae    program     extern D:\vxl_doan\VDK-11-6\Bai6_I2c_1\lcd\lcd.c
             lcd_power_of   0x005a36    program     extern D:\vxl_doan\VDK-11-6\Bai6_I2c_1\lcd\lcd.c
           lcd_print_char   0x0059dc    program     extern D:\vxl_doan\VDK-11-6\Bai6_I2c_1\lcd\lcd.c
          lcd_print_charS   0x005e16    program     extern D:\vxl_doan\VDK-11-6\Bai6_I2c_1\lcd\lcd.c
            lcd_print_num   0x005b18    program     extern D:\vxl_doan\VDK-11-6\Bai6_I2c_1\lcd\lcd.c
            lcd_print_str   0x0059f6    program     extern D:\vxl_doan\VDK-11-6\Bai6_I2c_1\lcd\lcd.c
        lcd_print_stringS   0x005e5c    program     extern D:\vxl_doan\VDK-11-6\Bai6_I2c_1\lcd\lcd.c
         lcd_send_command   0x0057ba    program     extern D:\vxl_doan\VDK-11-6\Bai6_I2c_1\lcd\lcd.c
           lcd_set_cursor   0x005d4e    program     extern D:\vxl_doan\VDK-11-6\Bai6_I2c_1\lcd\lcd.c
          lcd_write_4bits   0x00594c    program     extern D:\vxl_doan\VDK-11-6\Bai6_I2c_1\lcd\lcd.c
            lcd_write_cmd   0x00597a    program     extern D:\vxl_doan\VDK-11-6\Bai6_I2c_1\lcd\lcd.c
           lcd_write_data   0x0059aa    program     extern D:\vxl_doan\VDK-11-6\Bai6_I2c_1\lcd\lcd.c
                     loop   0x007e76    program     static                          
                     loop   0x007d82    program     static                          
                     loop   0x007dc8    program     static                          
                     loop   0x007e00    program     static                          
                     loop   0x007e92    program     static E:\3.46\pic18-lt\cxx-framework\src\pmc_common\USART\_usartpc.asm
                     loop   0x007ea6    program     static                          
                   loop_h   0x007e54    program     static E:\3.46\pic18-lt\cxx-framework\src\traditional\proc\p18f4620.asm
                   loop_l   0x007e5e    program     static E:\3.46\pic18-lt\cxx-framework\src\traditional\proc\p18f4620.asm
                  low_isr   0x0076e8    program     extern D:\vxl_doan\VDK-11-6\Bai6_I2c_1\interrupt\interrupt.c
                     main   0x000074    program     extern D:\vxl_doan\VDK-11-6\Bai6_I2c_1\main.c
                     putc   0x007c1a    program     extern E:\3.46\pic18-lt\cxx-framework\src\traditional\stdclib\putc.c
              read_ds1307   0x00768e    program     extern D:\vxl_doan\VDK-11-6\Bai6_I2c_1\i2c\i2c.c
             read_sda_pin   0x007554    program     extern D:\vxl_doan\VDK-11-6\Bai6_I2c_1\i2c\i2c.c
                 s_digits   0x007eba    program     static E:\3.46\pic18-lt\cxx-framework\src\traditional\stdclib\vfprintf.c
            s_put_n_chars   0x004a8c    program     static E:\3.46\pic18-lt\cxx-framework\src\traditional\stdclib\vfprintf.c
          scan_key_matrix   0x00613c    program     extern D:\vxl_doan\VDK-11-6\Bai6_I2c_1\button_matrix\button.c
     scan_key_matrix_demo   0x00660c    program     extern D:\vxl_doan\VDK-11-6\Bai6_I2c_1\button_matrix\button.c
      scan_key_matrix_i2c   0x00629a    program     extern D:\vxl_doan\VDK-11-6\Bai6_I2c_1\button_matrix\button.c
scan_key_matrix_with_uart   0x00641e    program     extern D:\vxl_doan\VDK-11-6\Bai6_I2c_1\button_matrix\button.c
       send_All_parameter   0x00468a    program     extern D:\vxl_doan\VDK-11-6\Bai6_I2c_1\main.c
           send_parameter   0x0045b6    program     extern D:\vxl_doan\VDK-11-6\Bai6_I2c_1\main.c
                  sprintf   0x007a44    program     extern E:\3.46\pic18-lt\cxx-framework\src\traditional\stdclib\sprintf.c
             start_timer0   0x006dc4    program     extern D:\vxl_doan\VDK-11-6\Bai6_I2c_1\timer\timer.c
             start_timer1   0x006f0a    program     extern D:\vxl_doan\VDK-11-6\Bai6_I2c_1\timer\timer.c
             start_timer2   0x006fc6    program     extern D:\vxl_doan\VDK-11-6\Bai6_I2c_1\timer\timer.c
             start_timer3   0x007088    program     extern D:\vxl_doan\VDK-11-6\Bai6_I2c_1\timer\timer.c
              stop_timer0   0x006dc0    program     extern D:\vxl_doan\VDK-11-6\Bai6_I2c_1\timer\timer.c
              stop_timer1   0x006f96    program     extern D:\vxl_doan\VDK-11-6\Bai6_I2c_1\timer\timer.c
              stop_timer2   0x006fce    program     extern D:\vxl_doan\VDK-11-6\Bai6_I2c_1\timer\timer.c
              stop_timer3   0x007114    program     extern D:\vxl_doan\VDK-11-6\Bai6_I2c_1\timer\timer.c
                   strlen   0x007d0e    program     extern E:\3.46\pic18-lt\cxx-framework\src\traditional\stdclib\strlen.asm
                strlenpgm   0x007d2a    program     extern E:\3.46\pic18-lt\cxx-framework\src\traditional\stdclib\slenpgm.asm
                     test   0x007b0a    program     static                          
               timer0_isr   0x007118    program     extern D:\vxl_doan\VDK-11-6\Bai6_I2c_1\timer\timer.c
               timer1_isr   0x007134    program     extern D:\vxl_doan\VDK-11-6\Bai6_I2c_1\timer\timer.c
               timer2_isr   0x007150    program     extern D:\vxl_doan\VDK-11-6\Bai6_I2c_1\timer\timer.c
               timer3_isr   0x00716c    program     extern D:\vxl_doan\VDK-11-6\Bai6_I2c_1\timer\timer.c
            uart_delay_ms   0x006750    program     extern D:\vxl_doan\VDK-11-6\Bai6_I2c_1\uart\uart.c
                 uart_isr   0x006c48    program     extern D:\vxl_doan\VDK-11-6\Bai6_I2c_1\uart\uart.c
            uart_power_of   0x006880    program     extern D:\vxl_doan\VDK-11-6\Bai6_I2c_1\uart\uart.c
             uart_putchar   0x0067d8    program     extern D:\vxl_doan\VDK-11-6\Bai6_I2c_1\uart\uart.c
            uart_send_str   0x0067f4    program     extern D:\vxl_doan\VDK-11-6\Bai6_I2c_1\uart\uart.c
                 v_timer0   0x00572a    program     extern D:\vxl_doan\VDK-11-6\Bai6_I2c_1\lcd\lcd.c
                 vfprintf   0x004ab8    program     extern E:\3.46\pic18-lt\cxx-framework\src\traditional\stdclib\vfprintf.c
                 watering   0x004300    program     extern D:\vxl_doan\VDK-11-6\Bai6_I2c_1\main.c
             write_ds1307   0x007658    program     extern D:\vxl_doan\VDK-11-6\Bai6_I2c_1\i2c\i2c.c
               zero_block   0x007e54    program     static E:\3.46\pic18-lt\cxx-framework\src\traditional\proc\p18f4620.asm
                   ADCON0   0x000fc2       data     extern E:\3.46\pic18-lt\cxx-framework\src\traditional\proc\p18f4620.asm
               ADCON0bits   0x000fc2       data     extern E:\3.46\pic18-lt\cxx-framework\src\traditional\proc\p18f4620.asm
                   ADCON1   0x000fc1       data     extern E:\3.46\pic18-lt\cxx-framework\src\traditional\proc\p18f4620.asm
               ADCON1bits   0x000fc1       data     extern E:\3.46\pic18-lt\cxx-framework\src\traditional\proc\p18f4620.asm
                   ADCON2   0x000fc0       data     extern E:\3.46\pic18-lt\cxx-framework\src\traditional\proc\p18f4620.asm
               ADCON2bits   0x000fc0       data     extern E:\3.46\pic18-lt\cxx-framework\src\traditional\proc\p18f4620.asm
                    ADRES   0x000fc3       data     extern E:\3.46\pic18-lt\cxx-framework\src\traditional\proc\p18f4620.asm
                   ADRESH   0x000fc4       data     extern E:\3.46\pic18-lt\cxx-framework\src\traditional\proc\p18f4620.asm
                   ADRESL   0x000fc3       data     extern E:\3.46\pic18-lt\cxx-framework\src\traditional\proc\p18f4620.asm
                  BAUDCON   0x000fb8       data     extern E:\3.46\pic18-lt\cxx-framework\src\traditional\proc\p18f4620.asm
              BAUDCONbits   0x000fb8       data     extern E:\3.46\pic18-lt\cxx-framework\src\traditional\proc\p18f4620.asm
                  BAUDCTL   0x000fb8       data     extern E:\3.46\pic18-lt\cxx-framework\src\traditional\proc\p18f4620.asm
              BAUDCTLbits   0x000fb8       data     extern E:\3.46\pic18-lt\cxx-framework\src\traditional\proc\p18f4620.asm
                      BSR   0x000fe0       data     extern E:\3.46\pic18-lt\cxx-framework\src\traditional\proc\p18f4620.asm
                  CCP1CON   0x000fbd       data     extern E:\3.46\pic18-lt\cxx-framework\src\traditional\proc\p18f4620.asm
              CCP1CONbits   0x000fbd       data     extern E:\3.46\pic18-lt\cxx-framework\src\traditional\proc\p18f4620.asm
                  CCP2CON   0x000fba       data     extern E:\3.46\pic18-lt\cxx-framework\src\traditional\proc\p18f4620.asm
              CCP2CONbits   0x000fba       data     extern E:\3.46\pic18-lt\cxx-framework\src\traditional\proc\p18f4620.asm
                    CCPR1   0x000fbe       data     extern E:\3.46\pic18-lt\cxx-framework\src\traditional\proc\p18f4620.asm
                   CCPR1H   0x000fbf       data     extern E:\3.46\pic18-lt\cxx-framework\src\traditional\proc\p18f4620.asm
                   CCPR1L   0x000fbe       data     extern E:\3.46\pic18-lt\cxx-framework\src\traditional\proc\p18f4620.asm
                    CCPR2   0x000fbb       data     extern E:\3.46\pic18-lt\cxx-framework\src\traditional\proc\p18f4620.asm
                   CCPR2H   0x000fbc       data     extern E:\3.46\pic18-lt\cxx-framework\src\traditional\proc\p18f4620.asm
                   CCPR2L   0x000fbb       data     extern E:\3.46\pic18-lt\cxx-framework\src\traditional\proc\p18f4620.asm
                    CMCON   0x000fb4       data     extern E:\3.46\pic18-lt\cxx-framework\src\traditional\proc\p18f4620.asm
                CMCONbits   0x000fb4       data     extern E:\3.46\pic18-lt\cxx-framework\src\traditional\proc\p18f4620.asm
                   CVRCON   0x000fb5       data     extern E:\3.46\pic18-lt\cxx-framework\src\traditional\proc\p18f4620.asm
               CVRCONbits   0x000fb5       data     extern E:\3.46\pic18-lt\cxx-framework\src\traditional\proc\p18f4620.asm
                     DDRA   0x000f92       data     extern E:\3.46\pic18-lt\cxx-framework\src\traditional\proc\p18f4620.asm
                 DDRAbits   0x000f92       data     extern E:\3.46\pic18-lt\cxx-framework\src\traditional\proc\p18f4620.asm
                     DDRB   0x000f93       data     extern E:\3.46\pic18-lt\cxx-framework\src\traditional\proc\p18f4620.asm
                 DDRBbits   0x000f93       data     extern E:\3.46\pic18-lt\cxx-framework\src\traditional\proc\p18f4620.asm
                     DDRC   0x000f94       data     extern E:\3.46\pic18-lt\cxx-framework\src\traditional\proc\p18f4620.asm
                 DDRCbits   0x000f94       data     extern E:\3.46\pic18-lt\cxx-framework\src\traditional\proc\p18f4620.asm
                     DDRD   0x000f95       data     extern E:\3.46\pic18-lt\cxx-framework\src\traditional\proc\p18f4620.asm
                 DDRDbits   0x000f95       data     extern E:\3.46\pic18-lt\cxx-framework\src\traditional\proc\p18f4620.asm
                     DDRE   0x000f96       data     extern E:\3.46\pic18-lt\cxx-framework\src\traditional\proc\p18f4620.asm
                 DDREbits   0x000f96       data     extern E:\3.46\pic18-lt\cxx-framework\src\traditional\proc\p18f4620.asm
                  ECCP1AS   0x000fb6       data     extern E:\3.46\pic18-lt\cxx-framework\src\traditional\proc\p18f4620.asm
              ECCP1ASbits   0x000fb6       data     extern E:\3.46\pic18-lt\cxx-framework\src\traditional\proc\p18f4620.asm
                    EEADR   0x000fa9       data     extern E:\3.46\pic18-lt\cxx-framework\src\traditional\proc\p18f4620.asm
                   EEADRH   0x000faa       data     extern E:\3.46\pic18-lt\cxx-framework\src\traditional\proc\p18f4620.asm
                   EECON1   0x000fa6       data     extern E:\3.46\pic18-lt\cxx-framework\src\traditional\proc\p18f4620.asm
               EECON1bits   0x000fa6       data     extern E:\3.46\pic18-lt\cxx-framework\src\traditional\proc\p18f4620.asm
                   EECON2   0x000fa7       data     extern E:\3.46\pic18-lt\cxx-framework\src\traditional\proc\p18f4620.asm
                   EEDATA   0x000fa8       data     extern E:\3.46\pic18-lt\cxx-framework\src\traditional\proc\p18f4620.asm
                     FSR0   0x000fe9       data     extern E:\3.46\pic18-lt\cxx-framework\src\traditional\proc\p18f4620.asm
                    FSR0H   0x000fea       data     extern E:\3.46\pic18-lt\cxx-framework\src\traditional\proc\p18f4620.asm
                    FSR0L   0x000fe9       data     extern E:\3.46\pic18-lt\cxx-framework\src\traditional\proc\p18f4620.asm
                     FSR1   0x000fe1       data     extern E:\3.46\pic18-lt\cxx-framework\src\traditional\proc\p18f4620.asm
                    FSR1H   0x000fe2       data     extern E:\3.46\pic18-lt\cxx-framework\src\traditional\proc\p18f4620.asm
                    FSR1L   0x000fe1       data     extern E:\3.46\pic18-lt\cxx-framework\src\traditional\proc\p18f4620.asm
                     FSR2   0x000fd9       data     extern E:\3.46\pic18-lt\cxx-framework\src\traditional\proc\p18f4620.asm
                    FSR2H   0x000fda       data     extern E:\3.46\pic18-lt\cxx-framework\src\traditional\proc\p18f4620.asm
                    FSR2L   0x000fd9       data     extern E:\3.46\pic18-lt\cxx-framework\src\traditional\proc\p18f4620.asm
                  HLVDCON   0x000fd2       data     extern E:\3.46\pic18-lt\cxx-framework\src\traditional\proc\p18f4620.asm
              HLVDCONbits   0x000fd2       data     extern E:\3.46\pic18-lt\cxx-framework\src\traditional\proc\p18f4620.asm
                    INDF0   0x000fef       data     extern E:\3.46\pic18-lt\cxx-framework\src\traditional\proc\p18f4620.asm
                    INDF1   0x000fe7       data     extern E:\3.46\pic18-lt\cxx-framework\src\traditional\proc\p18f4620.asm
                    INDF2   0x000fdf       data     extern E:\3.46\pic18-lt\cxx-framework\src\traditional\proc\p18f4620.asm
                   INTCON   0x000ff2       data     extern E:\3.46\pic18-lt\cxx-framework\src\traditional\proc\p18f4620.asm
                  INTCON2   0x000ff1       data     extern E:\3.46\pic18-lt\cxx-framework\src\traditional\proc\p18f4620.asm
              INTCON2bits   0x000ff1       data     extern E:\3.46\pic18-lt\cxx-framework\src\traditional\proc\p18f4620.asm
                  INTCON3   0x000ff0       data     extern E:\3.46\pic18-lt\cxx-framework\src\traditional\proc\p18f4620.asm
              INTCON3bits   0x000ff0       data     extern E:\3.46\pic18-lt\cxx-framework\src\traditional\proc\p18f4620.asm
               INTCONbits   0x000ff2       data     extern E:\3.46\pic18-lt\cxx-framework\src\traditional\proc\p18f4620.asm
                     IPR1   0x000f9f       data     extern E:\3.46\pic18-lt\cxx-framework\src\traditional\proc\p18f4620.asm
                 IPR1bits   0x000f9f       data     extern E:\3.46\pic18-lt\cxx-framework\src\traditional\proc\p18f4620.asm
                     IPR2   0x000fa2       data     extern E:\3.46\pic18-lt\cxx-framework\src\traditional\proc\p18f4620.asm
                 IPR2bits   0x000fa2       data     extern E:\3.46\pic18-lt\cxx-framework\src\traditional\proc\p18f4620.asm
                     LATA   0x000f89       data     extern E:\3.46\pic18-lt\cxx-framework\src\traditional\proc\p18f4620.asm
                 LATAbits   0x000f89       data     extern E:\3.46\pic18-lt\cxx-framework\src\traditional\proc\p18f4620.asm
                     LATB   0x000f8a       data     extern E:\3.46\pic18-lt\cxx-framework\src\traditional\proc\p18f4620.asm
                 LATBbits   0x000f8a       data     extern E:\3.46\pic18-lt\cxx-framework\src\traditional\proc\p18f4620.asm
                     LATC   0x000f8b       data     extern E:\3.46\pic18-lt\cxx-framework\src\traditional\proc\p18f4620.asm
                 LATCbits   0x000f8b       data     extern E:\3.46\pic18-lt\cxx-framework\src\traditional\proc\p18f4620.asm
                     LATD   0x000f8c       data     extern E:\3.46\pic18-lt\cxx-framework\src\traditional\proc\p18f4620.asm
                 LATDbits   0x000f8c       data     extern E:\3.46\pic18-lt\cxx-framework\src\traditional\proc\p18f4620.asm
                     LATE   0x000f8d       data     extern E:\3.46\pic18-lt\cxx-framework\src\traditional\proc\p18f4620.asm
                 LATEbits   0x000f8d       data     extern E:\3.46\pic18-lt\cxx-framework\src\traditional\proc\p18f4620.asm
                   LVDCON   0x000fd2       data     extern E:\3.46\pic18-lt\cxx-framework\src\traditional\proc\p18f4620.asm
               LVDCONbits   0x000fd2       data     extern E:\3.46\pic18-lt\cxx-framework\src\traditional\proc\p18f4620.asm
                LcdScreen   0x0000da       data     extern D:\vxl_doan\VDK-11-6\Bai6_I2c_1\lcd\lcd.c
                   OSCCON   0x000fd3       data     extern E:\3.46\pic18-lt\cxx-framework\src\traditional\proc\p18f4620.asm
               OSCCONbits   0x000fd3       data     extern E:\3.46\pic18-lt\cxx-framework\src\traditional\proc\p18f4620.asm
                  OSCTUNE   0x000f9b       data     extern E:\3.46\pic18-lt\cxx-framework\src\traditional\proc\p18f4620.asm
              OSCTUNEbits   0x000f9b       data     extern E:\3.46\pic18-lt\cxx-framework\src\traditional\proc\p18f4620.asm
                       PC   0x000ff9       data     extern E:\3.46\pic18-lt\cxx-framework\src\traditional\proc\p18f4620.asm
                      PCL   0x000ff9       data     extern E:\3.46\pic18-lt\cxx-framework\src\traditional\proc\p18f4620.asm
                   PCLATH   0x000ffa       data     extern E:\3.46\pic18-lt\cxx-framework\src\traditional\proc\p18f4620.asm
                   PCLATU   0x000ffb       data     extern E:\3.46\pic18-lt\cxx-framework\src\traditional\proc\p18f4620.asm
                     PIE1   0x000f9d       data     extern E:\3.46\pic18-lt\cxx-framework\src\traditional\proc\p18f4620.asm
                 PIE1bits   0x000f9d       data     extern E:\3.46\pic18-lt\cxx-framework\src\traditional\proc\p18f4620.asm
                     PIE2   0x000fa0       data     extern E:\3.46\pic18-lt\cxx-framework\src\traditional\proc\p18f4620.asm
                 PIE2bits   0x000fa0       data     extern E:\3.46\pic18-lt\cxx-framework\src\traditional\proc\p18f4620.asm
                     PIR1   0x000f9e       data     extern E:\3.46\pic18-lt\cxx-framework\src\traditional\proc\p18f4620.asm
                 PIR1bits   0x000f9e       data     extern E:\3.46\pic18-lt\cxx-framework\src\traditional\proc\p18f4620.asm
                     PIR2   0x000fa1       data     extern E:\3.46\pic18-lt\cxx-framework\src\traditional\proc\p18f4620.asm
                 PIR2bits   0x000fa1       data     extern E:\3.46\pic18-lt\cxx-framework\src\traditional\proc\p18f4620.asm
                   PLUSW0   0x000feb       data     extern E:\3.46\pic18-lt\cxx-framework\src\traditional\proc\p18f4620.asm
                   PLUSW1   0x000fe3       data     extern E:\3.46\pic18-lt\cxx-framework\src\traditional\proc\p18f4620.asm
                   PLUSW2   0x000fdb       data     extern E:\3.46\pic18-lt\cxx-framework\src\traditional\proc\p18f4620.asm
                    PORTA   0x000f80       data     extern E:\3.46\pic18-lt\cxx-framework\src\traditional\proc\p18f4620.asm
                PORTAbits   0x000f80       data     extern E:\3.46\pic18-lt\cxx-framework\src\traditional\proc\p18f4620.asm
                    PORTB   0x000f81       data     extern E:\3.46\pic18-lt\cxx-framework\src\traditional\proc\p18f4620.asm
                PORTBbits   0x000f81       data     extern E:\3.46\pic18-lt\cxx-framework\src\traditional\proc\p18f4620.asm
                    PORTC   0x000f82       data     extern E:\3.46\pic18-lt\cxx-framework\src\traditional\proc\p18f4620.asm
                PORTCbits   0x000f82       data     extern E:\3.46\pic18-lt\cxx-framework\src\traditional\proc\p18f4620.asm
                    PORTD   0x000f83       data     extern E:\3.46\pic18-lt\cxx-framework\src\traditional\proc\p18f4620.asm
                PORTDbits   0x000f83       data     extern E:\3.46\pic18-lt\cxx-framework\src\traditional\proc\p18f4620.asm
                    PORTE   0x000f84       data     extern E:\3.46\pic18-lt\cxx-framework\src\traditional\proc\p18f4620.asm
                PORTEbits   0x000f84       data     extern E:\3.46\pic18-lt\cxx-framework\src\traditional\proc\p18f4620.asm
                 POSTDEC0   0x000fed       data     extern E:\3.46\pic18-lt\cxx-framework\src\traditional\proc\p18f4620.asm
                 POSTDEC1   0x000fe5       data     extern E:\3.46\pic18-lt\cxx-framework\src\traditional\proc\p18f4620.asm
                 POSTDEC2   0x000fdd       data     extern E:\3.46\pic18-lt\cxx-framework\src\traditional\proc\p18f4620.asm
                 POSTINC0   0x000fee       data     extern E:\3.46\pic18-lt\cxx-framework\src\traditional\proc\p18f4620.asm
                 POSTINC1   0x000fe6       data     extern E:\3.46\pic18-lt\cxx-framework\src\traditional\proc\p18f4620.asm
                 POSTINC2   0x000fde       data     extern E:\3.46\pic18-lt\cxx-framework\src\traditional\proc\p18f4620.asm
                      PR2   0x000fcb       data     extern E:\3.46\pic18-lt\cxx-framework\src\traditional\proc\p18f4620.asm
                  PREINC0   0x000fec       data     extern E:\3.46\pic18-lt\cxx-framework\src\traditional\proc\p18f4620.asm
                  PREINC1   0x000fe4       data     extern E:\3.46\pic18-lt\cxx-framework\src\traditional\proc\p18f4620.asm
                  PREINC2   0x000fdc       data     extern E:\3.46\pic18-lt\cxx-framework\src\traditional\proc\p18f4620.asm
                     PROD   0x000ff3       data     extern E:\3.46\pic18-lt\cxx-framework\src\traditional\proc\p18f4620.asm
                    PRODH   0x000ff4       data     extern E:\3.46\pic18-lt\cxx-framework\src\traditional\proc\p18f4620.asm
                    PRODL   0x000ff3       data     extern E:\3.46\pic18-lt\cxx-framework\src\traditional\proc\p18f4620.asm
                  PWM1CON   0x000fb7       data     extern E:\3.46\pic18-lt\cxx-framework\src\traditional\proc\p18f4620.asm
              PWM1CONbits   0x000fb7       data     extern E:\3.46\pic18-lt\cxx-framework\src\traditional\proc\p18f4620.asm
                 Password   0x000089       data     extern D:\vxl_doan\VDK-11-6\Bai6_I2c_1\main.c
                     RCON   0x000fd0       data     extern E:\3.46\pic18-lt\cxx-framework\src\traditional\proc\p18f4620.asm
                 RCONbits   0x000fd0       data     extern E:\3.46\pic18-lt\cxx-framework\src\traditional\proc\p18f4620.asm
                    RCREG   0x000fae       data     extern E:\3.46\pic18-lt\cxx-framework\src\traditional\proc\p18f4620.asm
                    RCSTA   0x000fab       data     extern E:\3.46\pic18-lt\cxx-framework\src\traditional\proc\p18f4620.asm
                RCSTAbits   0x000fab       data     extern E:\3.46\pic18-lt\cxx-framework\src\traditional\proc\p18f4620.asm
                     SIGN   0x000000       data     extern E:\3.46\pic18-lt\cxx-framework\src\traditional\math\cmath18.asm
                    SPBRG   0x000faf       data     extern E:\3.46\pic18-lt\cxx-framework\src\traditional\proc\p18f4620.asm
                   SPBRGH   0x000fb0       data     extern E:\3.46\pic18-lt\cxx-framework\src\traditional\proc\p18f4620.asm
                   SSPADD   0x000fc8       data     extern E:\3.46\pic18-lt\cxx-framework\src\traditional\proc\p18f4620.asm
                   SSPBUF   0x000fc9       data     extern E:\3.46\pic18-lt\cxx-framework\src\traditional\proc\p18f4620.asm
                  SSPCON1   0x000fc6       data     extern E:\3.46\pic18-lt\cxx-framework\src\traditional\proc\p18f4620.asm
              SSPCON1bits   0x000fc6       data     extern E:\3.46\pic18-lt\cxx-framework\src\traditional\proc\p18f4620.asm
                  SSPCON2   0x000fc5       data     extern E:\3.46\pic18-lt\cxx-framework\src\traditional\proc\p18f4620.asm
              SSPCON2bits   0x000fc5       data     extern E:\3.46\pic18-lt\cxx-framework\src\traditional\proc\p18f4620.asm
                  SSPSTAT   0x000fc7       data     extern E:\3.46\pic18-lt\cxx-framework\src\traditional\proc\p18f4620.asm
              SSPSTATbits   0x000fc7       data     extern E:\3.46\pic18-lt\cxx-framework\src\traditional\proc\p18f4620.asm
                   STATUS   0x000fd8       data     extern E:\3.46\pic18-lt\cxx-framework\src\traditional\proc\p18f4620.asm
               STATUSbits   0x000fd8       data     extern E:\3.46\pic18-lt\cxx-framework\src\traditional\proc\p18f4620.asm
                   STKPTR   0x000ffc       data     extern E:\3.46\pic18-lt\cxx-framework\src\traditional\proc\p18f4620.asm
               STKPTRbits   0x000ffc       data     extern E:\3.46\pic18-lt\cxx-framework\src\traditional\proc\p18f4620.asm
                    T0CON   0x000fd5       data     extern E:\3.46\pic18-lt\cxx-framework\src\traditional\proc\p18f4620.asm
                T0CONbits   0x000fd5       data     extern E:\3.46\pic18-lt\cxx-framework\src\traditional\proc\p18f4620.asm
                    T1CON   0x000fcd       data     extern E:\3.46\pic18-lt\cxx-framework\src\traditional\proc\p18f4620.asm
                T1CONbits   0x000fcd       data     extern E:\3.46\pic18-lt\cxx-framework\src\traditional\proc\p18f4620.asm
                    T2CON   0x000fca       data     extern E:\3.46\pic18-lt\cxx-framework\src\traditional\proc\p18f4620.asm
                T2CONbits   0x000fca       data     extern E:\3.46\pic18-lt\cxx-framework\src\traditional\proc\p18f4620.asm
                    T3CON   0x000fb1       data     extern E:\3.46\pic18-lt\cxx-framework\src\traditional\proc\p18f4620.asm
                T3CONbits   0x000fb1       data     extern E:\3.46\pic18-lt\cxx-framework\src\traditional\proc\p18f4620.asm
                   TABLAT   0x000ff5       data     extern E:\3.46\pic18-lt\cxx-framework\src\traditional\proc\p18f4620.asm
                   TBLPTR   0x000ff6       data     extern E:\3.46\pic18-lt\cxx-framework\src\traditional\proc\p18f4620.asm
                  TBLPTRH   0x000ff7       data     extern E:\3.46\pic18-lt\cxx-framework\src\traditional\proc\p18f4620.asm
                  TBLPTRL   0x000ff6       data     extern E:\3.46\pic18-lt\cxx-framework\src\traditional\proc\p18f4620.asm
                  TBLPTRU   0x000ff8       data     extern E:\3.46\pic18-lt\cxx-framework\src\traditional\proc\p18f4620.asm
                    TMR0H   0x000fd7       data     extern E:\3.46\pic18-lt\cxx-framework\src\traditional\proc\p18f4620.asm
                    TMR0L   0x000fd6       data     extern E:\3.46\pic18-lt\cxx-framework\src\traditional\proc\p18f4620.asm
                    TMR1H   0x000fcf       data     extern E:\3.46\pic18-lt\cxx-framework\src\traditional\proc\p18f4620.asm
                    TMR1L   0x000fce       data     extern E:\3.46\pic18-lt\cxx-framework\src\traditional\proc\p18f4620.asm
                     TMR2   0x000fcc       data     extern E:\3.46\pic18-lt\cxx-framework\src\traditional\proc\p18f4620.asm
                    TMR3H   0x000fb3       data     extern E:\3.46\pic18-lt\cxx-framework\src\traditional\proc\p18f4620.asm
                    TMR3L   0x000fb2       data     extern E:\3.46\pic18-lt\cxx-framework\src\traditional\proc\p18f4620.asm
                      TOS   0x000ffd       data     extern E:\3.46\pic18-lt\cxx-framework\src\traditional\proc\p18f4620.asm
                     TOSH   0x000ffe       data     extern E:\3.46\pic18-lt\cxx-framework\src\traditional\proc\p18f4620.asm
                     TOSL   0x000ffd       data     extern E:\3.46\pic18-lt\cxx-framework\src\traditional\proc\p18f4620.asm
                     TOSU   0x000fff       data     extern E:\3.46\pic18-lt\cxx-framework\src\traditional\proc\p18f4620.asm
                    TRISA   0x000f92       data     extern E:\3.46\pic18-lt\cxx-framework\src\traditional\proc\p18f4620.asm
                TRISAbits   0x000f92       data     extern E:\3.46\pic18-lt\cxx-framework\src\traditional\proc\p18f4620.asm
                    TRISB   0x000f93       data     extern E:\3.46\pic18-lt\cxx-framework\src\traditional\proc\p18f4620.asm
                TRISBbits   0x000f93       data     extern E:\3.46\pic18-lt\cxx-framework\src\traditional\proc\p18f4620.asm
                    TRISC   0x000f94       data     extern E:\3.46\pic18-lt\cxx-framework\src\traditional\proc\p18f4620.asm
                TRISCbits   0x000f94       data     extern E:\3.46\pic18-lt\cxx-framework\src\traditional\proc\p18f4620.asm
                    TRISD   0x000f95       data     extern E:\3.46\pic18-lt\cxx-framework\src\traditional\proc\p18f4620.asm
                TRISDbits   0x000f95       data     extern E:\3.46\pic18-lt\cxx-framework\src\traditional\proc\p18f4620.asm
                    TRISE   0x000f96       data     extern E:\3.46\pic18-lt\cxx-framework\src\traditional\proc\p18f4620.asm
                TRISEbits   0x000f96       data     extern E:\3.46\pic18-lt\cxx-framework\src\traditional\proc\p18f4620.asm
                    TXREG   0x000fad       data     extern E:\3.46\pic18-lt\cxx-framework\src\traditional\proc\p18f4620.asm
                    TXSTA   0x000fac       data     extern E:\3.46\pic18-lt\cxx-framework\src\traditional\proc\p18f4620.asm
                TXSTAbits   0x000fac       data     extern E:\3.46\pic18-lt\cxx-framework\src\traditional\proc\p18f4620.asm
                        W   0x000fe8       data     extern E:\3.46\pic18-lt\cxx-framework\src\traditional\proc\p18f4620.asm
                   WDTCON   0x000fd1       data     extern E:\3.46\pic18-lt\cxx-framework\src\traditional\proc\p18f4620.asm
               WDTCONbits   0x000fd1       data     extern E:\3.46\pic18-lt\cxx-framework\src\traditional\proc\p18f4620.asm
                     WREG   0x000fe8       data     extern E:\3.46\pic18-lt\cxx-framework\src\traditional\proc\p18f4620.asm
                 __AARGB0   0x000009       data     extern E:\3.46\pic18-lt\cxx-framework\src\traditional\math\aarg.asm
                 __AARGB1   0x000008       data     extern E:\3.46\pic18-lt\cxx-framework\src\traditional\math\aarg.asm
                 __AARGB2   0x000007       data     extern E:\3.46\pic18-lt\cxx-framework\src\traditional\math\aarg.asm
                 __AARGB3   0x000006       data     extern E:\3.46\pic18-lt\cxx-framework\src\traditional\math\aarg.asm
                 __AARGB4   0x000005       data     extern E:\3.46\pic18-lt\cxx-framework\src\traditional\math\aarg.asm
                 __AARGB5   0x000004       data     extern E:\3.46\pic18-lt\cxx-framework\src\traditional\math\aarg.asm
                 __AARGB6   0x000003       data     extern E:\3.46\pic18-lt\cxx-framework\src\traditional\math\aarg.asm
                 __AARGB7   0x000002       data     extern E:\3.46\pic18-lt\cxx-framework\src\traditional\math\aarg.asm
                   __AEXP   0x00000a       data     extern E:\3.46\pic18-lt\cxx-framework\src\traditional\math\aarg.asm
                 __BARGB0   0x00000e       data     extern E:\3.46\pic18-lt\cxx-framework\src\traditional\math\barg.asm
                 __BARGB1   0x00000d       data     extern E:\3.46\pic18-lt\cxx-framework\src\traditional\math\barg.asm
                 __BARGB2   0x00000c       data     extern E:\3.46\pic18-lt\cxx-framework\src\traditional\math\barg.asm
                 __BARGB3   0x00000b       data     extern E:\3.46\pic18-lt\cxx-framework\src\traditional\math\barg.asm
                   __BEXP   0x00000f       data     extern E:\3.46\pic18-lt\cxx-framework\src\traditional\math\barg.asm
                __FPFLAGS   0x000001       data     extern E:\3.46\pic18-lt\cxx-framework\src\traditional\math\cmath18.asm
            __FPFLAGSbits   0x000001       data     extern E:\3.46\pic18-lt\cxx-framework\src\traditional\math\cmath18.asm
                  __REMB0   0x000005       data     extern E:\3.46\pic18-lt\cxx-framework\src\traditional\math\aarg.asm
                  __REMB1   0x000004       data     extern E:\3.46\pic18-lt\cxx-framework\src\traditional\math\aarg.asm
                  __REMB2   0x000003       data     extern E:\3.46\pic18-lt\cxx-framework\src\traditional\math\aarg.asm
                  __REMB3   0x000002       data     extern E:\3.46\pic18-lt\cxx-framework\src\traditional\math\aarg.asm
                   __TEMP   0x000013       data     extern E:\3.46\pic18-lt\cxx-framework\src\traditional\math\temparg.asm
                 __TEMPB0   0x000013       data     extern E:\3.46\pic18-lt\cxx-framework\src\traditional\math\temparg.asm
                 __TEMPB1   0x000012       data     extern E:\3.46\pic18-lt\cxx-framework\src\traditional\math\temparg.asm
                 __TEMPB2   0x000011       data     extern E:\3.46\pic18-lt\cxx-framework\src\traditional\math\temparg.asm
                 __TEMPB3   0x000010       data     extern E:\3.46\pic18-lt\cxx-framework\src\traditional\math\temparg.asm
                  __tmp_0   0x000014       data     static E:\3.46\pic18-lt\cxx-framework\src\traditional\stdclib\sprintf.c
                  __tmp_0   0x000014       data     static E:\3.46\pic18-lt\cxx-framework\src\traditional\stdclib\vfprintf.c
                  __tmp_0   0x000014       data     static E:\3.46\pic18-lt\cxx-framework\src\traditional\stdclib\putc.c
                  __tmp_0   0x000014       data     static D:\vxl_doan\VDK-11-6\Bai6_I2c_1\uart\uart.c
                  __tmp_0   0x000014       data     static D:\vxl_doan\VDK-11-6\Bai6_I2c_1\adc\adc.c
                  __tmp_0   0x000014       data     static D:\vxl_doan\VDK-11-6\Bai6_I2c_1\main.c
                  __tmp_0   0x000014       data     static D:\vxl_doan\VDK-11-6\Bai6_I2c_1\i2c\i2c.c
                  __tmp_0   0x000014       data     static D:\vxl_doan\VDK-11-6\Bai6_I2c_1\button_matrix\button.c
                  __tmp_0   0x000014       data     static D:\vxl_doan\VDK-11-6\Bai6_I2c_1\timer\timer.c
                  __tmp_0   0x000014       data     static D:\vxl_doan\VDK-11-6\Bai6_I2c_1\lcd\lcd.c
                 adcValue   0x000f5f       data     extern D:\vxl_doan\VDK-11-6\Bai6_I2c_1\main.c
      arrayMaskInputOfKey   0x000f24       data     extern D:\vxl_doan\VDK-11-6\Bai6_I2c_1\button_matrix\button.c
     arrayMaskOutputOfKey   0x000f20       data     extern D:\vxl_doan\VDK-11-6\Bai6_I2c_1\button_matrix\button.c
            arrayPassword   0x000f5a       data     extern D:\vxl_doan\VDK-11-6\Bai6_I2c_1\main.c
                bit_timer   0x000091       data     extern D:\vxl_doan\VDK-11-6\Bai6_I2c_1\main.c
                checkpass   0x0000ce       data     extern D:\vxl_doan\VDK-11-6\Bai6_I2c_1\main.c
                     cnt0   0x000f73       data     extern D:\vxl_doan\VDK-11-6\Bai6_I2c_1\interrupt\interrupt.c
                     cnt1   0x000f75       data     extern D:\vxl_doan\VDK-11-6\Bai6_I2c_1\interrupt\interrupt.c
                    count   0x000087       data     extern D:\vxl_doan\VDK-11-6\Bai6_I2c_1\main.c
                 count_1m   0x0000b7       data     extern D:\vxl_doan\VDK-11-6\Bai6_I2c_1\main.c
          count_free_time   0x0000d7       data     extern D:\vxl_doan\VDK-11-6\Bai6_I2c_1\main.c
                countuart   0x0000d5       data     extern D:\vxl_doan\VDK-11-6\Bai6_I2c_1\main.c
                curr_byte   0x000f68       data     static E:\3.46\pic18-lt\cxx-framework\src\traditional\startup\c018i.c
               curr_entry   0x000f6a       data     static E:\3.46\pic18-lt\cxx-framework\src\traditional\startup\c018i.c
              current_col   0x000f71       data     extern D:\vxl_doan\VDK-11-6\Bai6_I2c_1\lcd\lcd.c
              current_row   0x000f6f       data     extern D:\vxl_doan\VDK-11-6\Bai6_I2c_1\lcd\lcd.c
              dataReceive   0x000f48       data     extern D:\vxl_doan\VDK-11-6\Bai6_I2c_1\uart\uart.c
                 data_ptr   0x000f6c       data     static E:\3.46\pic18-lt\cxx-framework\src\traditional\startup\c018i.c
                     date   0x000084       data     extern D:\vxl_doan\VDK-11-6\Bai6_I2c_1\main.c
                      day   0x000083       data     extern D:\vxl_doan\VDK-11-6\Bai6_I2c_1\main.c
              doubleclick   0x0000bf       data     extern D:\vxl_doan\VDK-11-6\Bai6_I2c_1\main.c
                   dur_m2   0x0000ab       data     extern D:\vxl_doan\VDK-11-6\Bai6_I2c_1\main.c
                dur_timer   0x000095       data     extern D:\vxl_doan\VDK-11-6\Bai6_I2c_1\main.c
        duration_watering   0x0000b5       data     extern D:\vxl_doan\VDK-11-6\Bai6_I2c_1\main.c
              flag_timer0   0x000f30       data     extern D:\vxl_doan\VDK-11-6\Bai6_I2c_1\timer\timer.c
              flag_timer1   0x000f31       data     extern D:\vxl_doan\VDK-11-6\Bai6_I2c_1\timer\timer.c
              flag_timer2   0x000f32       data     extern D:\vxl_doan\VDK-11-6\Bai6_I2c_1\timer\timer.c
              flag_timer3   0x000f33       data     extern D:\vxl_doan\VDK-11-6\Bai6_I2c_1\timer\timer.c
                fre_timer   0x000093       data     extern D:\vxl_doan\VDK-11-6\Bai6_I2c_1\main.c
                fre_turn1   0x000099       data     extern D:\vxl_doan\VDK-11-6\Bai6_I2c_1\main.c
                fre_turn2   0x00009b       data     extern D:\vxl_doan\VDK-11-6\Bai6_I2c_1\main.c
                fre_turn3   0x00009d       data     extern D:\vxl_doan\VDK-11-6\Bai6_I2c_1\main.c
                fre_turn4   0x00009f       data     extern D:\vxl_doan\VDK-11-6\Bai6_I2c_1\main.c
                fullorder   0x000f58       data     extern D:\vxl_doan\VDK-11-6\Bai6_I2c_1\uart\uart.c
             holdfunction   0x0000c1       data     extern D:\vxl_doan\VDK-11-6\Bai6_I2c_1\main.c
                     hour   0x000082       data     extern D:\vxl_doan\VDK-11-6\Bai6_I2c_1\main.c
               hour_begin   0x0000a3       data     extern D:\vxl_doan\VDK-11-6\Bai6_I2c_1\main.c
                hour_stop   0x0000a7       data     extern D:\vxl_doan\VDK-11-6\Bai6_I2c_1\main.c
               hour_timer   0x00008f       data     extern D:\vxl_doan\VDK-11-6\Bai6_I2c_1\main.c
            humiditystart   0x000f63       data     extern D:\vxl_doan\VDK-11-6\Bai6_I2c_1\main.c
            humidityvalue   0x000f61       data     extern D:\vxl_doan\VDK-11-6\Bai6_I2c_1\main.c
                        i   0x000f5e       data     extern D:\vxl_doan\VDK-11-6\Bai6_I2c_1\main.c
                    index   0x0000fc       data     extern D:\vxl_doan\VDK-11-6\Bai6_I2c_1\uart\uart.c
                isStarted   0x000f77       data     extern D:\vxl_doan\VDK-11-6\Bai6_I2c_1\i2c\i2c.c
                   isfree   0x0000bc       data     extern D:\vxl_doan\VDK-11-6\Bai6_I2c_1\main.c
                  ispress   0x0000b9       data     extern D:\vxl_doan\VDK-11-6\Bai6_I2c_1\main.c
[...]
                     DDRB   0x000f93       data     extern E:\3.46\pic18-lt\cxx-framework\src\traditional\proc\p18f4620.asm
                TRISCbits   0x000f94       data     extern E:\3.46\pic18-lt\cxx-framework\src\traditional\proc\p18f4620.asm
                    TRISC   0x000f94       data     extern E:\3.46\pic18-lt\cxx-framework\src\traditional\proc\p18f4620.asm
                     DDRC   0x000f94       data     extern E:\3.46\pic18-lt\cxx-framework\src\traditional\proc\p18f4620.asm
                 DDRCbits   0x000f94       data     extern E:\3.46\pic18-lt\cxx-framework\src\traditional\proc\p18f4620.asm
                 DDRDbits   0x000f95       data     extern E:\3.46\pic18-lt\cxx-framework\src\traditional\proc\p18f4620.asm
                     DDRD   0x000f95       data     extern E:\3.46\pic18-lt\cxx-framework\src\traditional\proc\p18f4620.asm
                TRISDbits   0x000f95       data     extern E:\3.46\pic18-lt\cxx-framework\src\traditional\proc\p18f4620.asm
                    TRISD   0x000f95       data     extern E:\3.46\pic18-lt\cxx-framework\src\traditional\proc\p18f4620.asm
                     DDRE   0x000f96       data     extern E:\3.46\pic18-lt\cxx-framework\src\traditional\proc\p18f4620.asm
                 DDREbits   0x000f96       data     extern E:\3.46\pic18-lt\cxx-framework\src\traditional\proc\p18f4620.asm
                TRISEbits   0x000f96       data     extern E:\3.46\pic18-lt\cxx-framework\src\traditional\proc\p18f4620.asm
                    TRISE   0x000f96       data     extern E:\3.46\pic18-lt\cxx-framework\src\traditional\proc\p18f4620.asm
                  OSCTUNE   0x000f9b       data     extern E:\3.46\pic18-lt\cxx-framework\src\traditional\proc\p18f4620.asm
              OSCTUNEbits   0x000f9b       data     extern E:\3.46\pic18-lt\cxx-framework\src\traditional\proc\p18f4620.asm
                 PIE1bits   0x000f9d       data     extern E:\3.46\pic18-lt\cxx-framework\src\traditional\proc\p18f4620.asm
                     PIE1   0x000f9d       data     extern E:\3.46\pic18-lt\cxx-framework\src\traditional\proc\p18f4620.asm
                 PIR1bits   0x000f9e       data     extern E:\3.46\pic18-lt\cxx-framework\src\traditional\proc\p18f4620.asm
                     PIR1   0x000f9e       data     extern E:\3.46\pic18-lt\cxx-framework\src\traditional\proc\p18f4620.asm
                 IPR1bits   0x000f9f       data     extern E:\3.46\pic18-lt\cxx-framework\src\traditional\proc\p18f4620.asm
                     IPR1   0x000f9f       data     extern E:\3.46\pic18-lt\cxx-framework\src\traditional\proc\p18f4620.asm
                 PIE2bits   0x000fa0       data     extern E:\3.46\pic18-lt\cxx-framework\src\traditional\proc\p18f4620.asm
                     PIE2   0x000fa0       data     extern E:\3.46\pic18-lt\cxx-framework\src\traditional\proc\p18f4620.asm
                 PIR2bits   0x000fa1       data     extern E:\3.46\pic18-lt\cxx-framework\src\traditional\proc\p18f4620.asm
                     PIR2   0x000fa1       data     extern E:\3.46\pic18-lt\cxx-framework\src\traditional\proc\p18f4620.asm
                     IPR2   0x000fa2       data     extern E:\3.46\pic18-lt\cxx-framework\src\traditional\proc\p18f4620.asm
                 IPR2bits   0x000fa2       data     extern E:\3.46\pic18-lt\cxx-framework\src\traditional\proc\p18f4620.asm
                   EECON1   0x000fa6       data     extern E:\3.46\pic18-lt\cxx-framework\src\traditional\proc\p18f4620.asm
               EECON1bits   0x000fa6       data     extern E:\3.46\pic18-lt\cxx-framework\src\traditional\proc\p18f4620.asm
                   EECON2   0x000fa7       data     extern E:\3.46\pic18-lt\cxx-framework\src\traditional\proc\p18f4620.asm
                   EEDATA   0x000fa8       data     extern E:\3.46\pic18-lt\cxx-framework\src\traditional\proc\p18f4620.asm
                    EEADR   0x000fa9       data     extern E:\3.46\pic18-lt\cxx-framework\src\traditional\proc\p18f4620.asm
                   EEADRH   0x000faa       data     extern E:\3.46\pic18-lt\cxx-framework\src\traditional\proc\p18f4620.asm
                    RCSTA   0x000fab       data     extern E:\3.46\pic18-lt\cxx-framework\src\traditional\proc\p18f4620.asm
                RCSTAbits   0x000fab       data     extern E:\3.46\pic18-lt\cxx-framework\src\traditional\proc\p18f4620.asm
                TXSTAbits   0x000fac       data     extern E:\3.46\pic18-lt\cxx-framework\src\traditional\proc\p18f4620.asm
                    TXSTA   0x000fac       data     extern E:\3.46\pic18-lt\cxx-framework\src\traditional\proc\p18f4620.asm
                    TXREG   0x000fad       data     extern E:\3.46\pic18-lt\cxx-framework\src\traditional\proc\p18f4620.asm
                    RCREG   0x000fae       data     extern E:\3.46\pic18-lt\cxx-framework\src\traditional\proc\p18f4620.asm
                    SPBRG   0x000faf       data     extern E:\3.46\pic18-lt\cxx-framework\src\traditional\proc\p18f4620.asm
                   SPBRGH   0x000fb0       data     extern E:\3.46\pic18-lt\cxx-framework\src\traditional\proc\p18f4620.asm
                    T3CON   0x000fb1       data     extern E:\3.46\pic18-lt\cxx-framework\src\traditional\proc\p18f4620.asm
                T3CONbits   0x000fb1       data     extern E:\3.46\pic18-lt\cxx-framework\src\traditional\proc\p18f4620.asm
                    TMR3L   0x000fb2       data     extern E:\3.46\pic18-lt\cxx-framework\src\traditional\proc\p18f4620.asm
                    TMR3H   0x000fb3       data     extern E:\3.46\pic18-lt\cxx-framework\src\traditional\proc\p18f4620.asm
                CMCONbits   0x000fb4       data     extern E:\3.46\pic18-lt\cxx-framework\src\traditional\proc\p18f4620.asm
                    CMCON   0x000fb4       data     extern E:\3.46\pic18-lt\cxx-framework\src\traditional\proc\p18f4620.asm
               CVRCONbits   0x000fb5       data     extern E:\3.46\pic18-lt\cxx-framework\src\traditional\proc\p18f4620.asm
                   CVRCON   0x000fb5       data     extern E:\3.46\pic18-lt\cxx-framework\src\traditional\proc\p18f4620.asm
              ECCP1ASbits   0x000fb6       data     extern E:\3.46\pic18-lt\cxx-framework\src\traditional\proc\p18f4620.asm
                  ECCP1AS   0x000fb6       data     extern E:\3.46\pic18-lt\cxx-framework\src\traditional\proc\p18f4620.asm
              PWM1CONbits   0x000fb7       data     extern E:\3.46\pic18-lt\cxx-framework\src\traditional\proc\p18f4620.asm
                  PWM1CON   0x000fb7       data     extern E:\3.46\pic18-lt\cxx-framework\src\traditional\proc\p18f4620.asm
              BAUDCTLbits   0x000fb8       data     extern E:\3.46\pic18-lt\cxx-framework\src\traditional\proc\p18f4620.asm
                  BAUDCTL   0x000fb8       data     extern E:\3.46\pic18-lt\cxx-framework\src\traditional\proc\p18f4620.asm
              BAUDCONbits   0x000fb8       data     extern E:\3.46\pic18-lt\cxx-framework\src\traditional\proc\p18f4620.asm
                  BAUDCON   0x000fb8       data     extern E:\3.46\pic18-lt\cxx-framework\src\traditional\proc\p18f4620.asm
                  CCP2CON   0x000fba       data     extern E:\3.46\pic18-lt\cxx-framework\src\traditional\proc\p18f4620.asm
              CCP2CONbits   0x000fba       data     extern E:\3.46\pic18-lt\cxx-framework\src\traditional\proc\p18f4620.asm
                   CCPR2L   0x000fbb       data     extern E:\3.46\pic18-lt\cxx-framework\src\traditional\proc\p18f4620.asm
                    CCPR2   0x000fbb       data     extern E:\3.46\pic18-lt\cxx-framework\src\traditional\proc\p18f4620.asm
                   CCPR2H   0x000fbc       data     extern E:\3.46\pic18-lt\cxx-framework\src\traditional\proc\p18f4620.asm
                  CCP1CON   0x000fbd       data     extern E:\3.46\pic18-lt\cxx-framework\src\traditional\proc\p18f4620.asm
              CCP1CONbits   0x000fbd       data     extern E:\3.46\pic18-lt\cxx-framework\src\traditional\proc\p18f4620.asm
                   CCPR1L   0x000fbe       data     extern E:\3.46\pic18-lt\cxx-framework\src\traditional\proc\p18f4620.asm
                    CCPR1   0x000fbe       data     extern E:\3.46\pic18-lt\cxx-framework\src\traditional\proc\p18f4620.asm
                   CCPR1H   0x000fbf       data     extern E:\3.46\pic18-lt\cxx-framework\src\traditional\proc\p18f4620.asm
                   ADCON2   0x000fc0       data     extern E:\3.46\pic18-lt\cxx-framework\src\traditional\proc\p18f4620.asm
               ADCON2bits   0x000fc0       data     extern E:\3.46\pic18-lt\cxx-framework\src\traditional\proc\p18f4620.asm
                   ADCON1   0x000fc1       data     extern E:\3.46\pic18-lt\cxx-framework\src\traditional\proc\p18f4620.asm
               ADCON1bits   0x000fc1       data     extern E:\3.46\pic18-lt\cxx-framework\src\traditional\proc\p18f4620.asm
                   ADCON0   0x000fc2       data     extern E:\3.46\pic18-lt\cxx-framework\src\traditional\proc\p18f4620.asm
               ADCON0bits   0x000fc2       data     extern E:\3.46\pic18-lt\cxx-framework\src\traditional\proc\p18f4620.asm
                    ADRES   0x000fc3       data     extern E:\3.46\pic18-lt\cxx-framework\src\traditional\proc\p18f4620.asm
                   ADRESL   0x000fc3       data     extern E:\3.46\pic18-lt\cxx-framework\src\traditional\proc\p18f4620.asm
                   ADRESH   0x000fc4       data     extern E:\3.46\pic18-lt\cxx-framework\src\traditional\proc\p18f4620.asm
                  SSPCON2   0x000fc5       data     extern E:\3.46\pic18-lt\cxx-framework\src\traditional\proc\p18f4620.asm
              SSPCON2bits   0x000fc5       data     extern E:\3.46\pic18-lt\cxx-framework\src\traditional\proc\p18f4620.asm
                  SSPCON1   0x000fc6       data     extern E:\3.46\pic18-lt\cxx-framework\src\traditional\proc\p18f4620.asm
              SSPCON1bits   0x000fc6       data     extern E:\3.46\pic18-lt\cxx-framework\src\traditional\proc\p18f4620.asm
                  SSPSTAT   0x000fc7       data     extern E:\3.46\pic18-lt\cxx-framework\src\traditional\proc\p18f4620.asm
              SSPSTATbits   0x000fc7       data     extern E:\3.46\pic18-lt\cxx-framework\src\traditional\proc\p18f4620.asm
                   SSPADD   0x000fc8       data     extern E:\3.46\pic18-lt\cxx-framework\src\traditional\proc\p18f4620.asm
                   SSPBUF   0x000fc9       data     extern E:\3.46\pic18-lt\cxx-framework\src\traditional\proc\p18f4620.asm
                    T2CON   0x000fca       data     extern E:\3.46\pic18-lt\cxx-framework\src\traditional\proc\p18f4620.asm
                T2CONbits   0x000fca       data     extern E:\3.46\pic18-lt\cxx-framework\src\traditional\proc\p18f4620.asm
                      PR2   0x000fcb       data     extern E:\3.46\pic18-lt\cxx-framework\src\traditional\proc\p18f4620.asm
                     TMR2   0x000fcc       data     extern E:\3.46\pic18-lt\cxx-framework\src\traditional\proc\p18f4620.asm
                T1CONbits   0x000fcd       data     extern E:\3.46\pic18-lt\cxx-framework\src\traditional\proc\p18f4620.asm
                    T1CON   0x000fcd       data     extern E:\3.46\pic18-lt\cxx-framework\src\traditional\proc\p18f4620.asm
                    TMR1L   0x000fce       data     extern E:\3.46\pic18-lt\cxx-framework\src\traditional\proc\p18f4620.asm
                    TMR1H   0x000fcf       data     extern E:\3.46\pic18-lt\cxx-framework\src\traditional\proc\p18f4620.asm
                     RCON   0x000fd0       data     extern E:\3.46\pic18-lt\cxx-framework\src\traditional\proc\p18f4620.asm
                 RCONbits   0x000fd0       data     extern E:\3.46\pic18-lt\cxx-framework\src\traditional\proc\p18f4620.asm
               WDTCONbits   0x000fd1       data     extern E:\3.46\pic18-lt\cxx-framework\src\traditional\proc\p18f4620.asm
                   WDTCON   0x000fd1       data     extern E:\3.46\pic18-lt\cxx-framework\src\traditional\proc\p18f4620.asm
               LVDCONbits   0x000fd2       data     extern E:\3.46\pic18-lt\cxx-framework\src\traditional\proc\p18f4620.asm
                   LVDCON   0x000fd2       data     extern E:\3.46\pic18-lt\cxx-framework\src\traditional\proc\p18f4620.asm
              HLVDCONbits   0x000fd2       data     extern E:\3.46\pic18-lt\cxx-framework\src\traditional\proc\p18f4620.asm
                  HLVDCON   0x000fd2       data     extern E:\3.46\pic18-lt\cxx-framework\src\traditional\proc\p18f4620.asm
               OSCCONbits   0x000fd3       data     extern E:\3.46\pic18-lt\cxx-framework\src\traditional\proc\p18f4620.asm
                   OSCCON   0x000fd3       data     extern E:\3.46\pic18-lt\cxx-framework\src\traditional\proc\p18f4620.asm
                T0CONbits   0x000fd5       data     extern E:\3.46\pic18-lt\cxx-framework\src\traditional\proc\p18f4620.asm
                    T0CON   0x000fd5       data     extern E:\3.46\pic18-lt\cxx-framework\src\traditional\proc\p18f4620.asm
                    TMR0L   0x000fd6       data     extern E:\3.46\pic18-lt\cxx-framework\src\traditional\proc\p18f4620.asm
                    TMR0H   0x000fd7       data     extern E:\3.46\pic18-lt\cxx-framework\src\traditional\proc\p18f4620.asm
                   STATUS   0x000fd8       data     extern E:\3.46\pic18-lt\cxx-framework\src\traditional\proc\p18f4620.asm
               STATUSbits   0x000fd8       data     extern E:\3.46\pic18-lt\cxx-framework\src\traditional\proc\p18f4620.asm
                     FSR2   0x000fd9       data     extern E:\3.46\pic18-lt\cxx-framework\src\traditional\proc\p18f4620.asm
                    FSR2L   0x000fd9       data     extern E:\3.46\pic18-lt\cxx-framework\src\traditional\proc\p18f4620.asm
                    FSR2H   0x000fda       data     extern E:\3.46\pic18-lt\cxx-framework\src\traditional\proc\p18f4620.asm
                   PLUSW2   0x000fdb       data     extern E:\3.46\pic18-lt\cxx-framework\src\traditional\proc\p18f4620.asm
                  PREINC2   0x000fdc       data     extern E:\3.46\pic18-lt\cxx-framework\src\traditional\proc\p18f4620.asm
                 POSTDEC2   0x000fdd       data     extern E:\3.46\pic18-lt\cxx-framework\src\traditional\proc\p18f4620.asm
                 POSTINC2   0x000fde       data     extern E:\3.46\pic18-lt\cxx-framework\src\traditional\proc\p18f4620.asm
                    INDF2   0x000fdf       data     extern E:\3.46\pic18-lt\cxx-framework\src\traditional\proc\p18f4620.asm
                      BSR   0x000fe0       data     extern E:\3.46\pic18-lt\cxx-framework\src\traditional\proc\p18f4620.asm
                     FSR1   0x000fe1       data     extern E:\3.46\pic18-lt\cxx-framework\src\traditional\proc\p18f4620.asm
                    FSR1L   0x000fe1       data     extern E:\3.46\pic18-lt\cxx-framework\src\traditional\proc\p18f4620.asm
                    FSR1H   0x000fe2       data     extern E:\3.46\pic18-lt\cxx-framework\src\traditional\proc\p18f4620.asm
                   PLUSW1   0x000fe3       data     extern E:\3.46\pic18-lt\cxx-framework\src\traditional\proc\p18f4620.asm
                  PREINC1   0x000fe4       data     extern E:\3.46\pic18-lt\cxx-framework\src\traditional\proc\p18f4620.asm
                 POSTDEC1   0x000fe5       data     extern E:\3.46\pic18-lt\cxx-framework\src\traditional\proc\p18f4620.asm
                 POSTINC1   0x000fe6       data     extern E:\3.46\pic18-lt\cxx-framework\src\traditional\proc\p18f4620.asm
                    INDF1   0x000fe7       data     extern E:\3.46\pic18-lt\cxx-framework\src\traditional\proc\p18f4620.asm
                        W   0x000fe8       data     extern E:\3.46\pic18-lt\cxx-framework\src\traditional\proc\p18f4620.asm
                     WREG   0x000fe8       data     extern E:\3.46\pic18-lt\cxx-framework\src\traditional\proc\p18f4620.asm
                    FSR0L   0x000fe9       data     extern E:\3.46\pic18-lt\cxx-framework\src\traditional\proc\p18f4620.asm
                     FSR0   0x000fe9       data     extern E:\3.46\pic18-lt\cxx-framework\src\traditional\proc\p18f4620.asm
                    FSR0H   0x000fea       data     extern E:\3.46\pic18-lt\cxx-framework\src\traditional\proc\p18f4620.asm
                   PLUSW0   0x000feb       data     extern E:\3.46\pic18-lt\cxx-framework\src\traditional\proc\p18f4620.asm
                  PREINC0   0x000fec       data     extern E:\3.46\pic18-lt\cxx-framework\src\traditional\proc\p18f4620.asm
                 POSTDEC0   0x000fed       data     extern E:\3.46\pic18-lt\cxx-framework\src\traditional\proc\p18f4620.asm
                 POSTINC0   0x000fee       data     extern E:\3.46\pic18-lt\cxx-framework\src\traditional\proc\p18f4620.asm
                    INDF0   0x000fef       data     extern E:\3.46\pic18-lt\cxx-framework\src\traditional\proc\p18f4620.asm
              INTCON3bits   0x000ff0       data     extern E:\3.46\pic18-lt\cxx-framework\src\traditional\proc\p18f4620.asm
                  INTCON3   0x000ff0       data     extern E:\3.46\pic18-lt\cxx-framework\src\traditional\proc\p18f4620.asm
                  INTCON2   0x000ff1       data     extern E:\3.46\pic18-lt\cxx-framework\src\traditional\proc\p18f4620.asm
              INTCON2bits   0x000ff1       data     extern E:\3.46\pic18-lt\cxx-framework\src\traditional\proc\p18f4620.asm
                   INTCON   0x000ff2       data     extern E:\3.46\pic18-lt\cxx-framework\src\traditional\proc\p18f4620.asm
               INTCONbits   0x000ff2       data     extern E:\3.46\pic18-lt\cxx-framework\src\traditional\proc\p18f4620.asm
                     PROD   0x000ff3       data     extern E:\3.46\pic18-lt\cxx-framework\src\traditional\proc\p18f4620.asm
                    PRODL   0x000ff3       data     extern E:\3.46\pic18-lt\cxx-framework\src\traditional\proc\p18f4620.asm
                    PRODH   0x000ff4       data     extern E:\3.46\pic18-lt\cxx-framework\src\traditional\proc\p18f4620.asm
                   TABLAT   0x000ff5       data     extern E:\3.46\pic18-lt\cxx-framework\src\traditional\proc\p18f4620.asm
                  TBLPTRL   0x000ff6       data     extern E:\3.46\pic18-lt\cxx-framework\src\traditional\proc\p18f4620.asm
                   TBLPTR   0x000ff6       data     extern E:\3.46\pic18-lt\cxx-framework\src\traditional\proc\p18f4620.asm
                  TBLPTRH   0x000ff7       data     extern E:\3.46\pic18-lt\cxx-framework\src\traditional\proc\p18f4620.asm
                  TBLPTRU   0x000ff8       data     extern E:\3.46\pic18-lt\cxx-framework\src\traditional\proc\p18f4620.asm
                       PC   0x000ff9       data     extern E:\3.46\pic18-lt\cxx-framework\src\traditional\proc\p18f4620.asm
                      PCL   0x000ff9       data     extern E:\3.46\pic18-lt\cxx-framework\src\traditional\proc\p18f4620.asm
                   PCLATH   0x000ffa       data     extern E:\3.46\pic18-lt\cxx-framework\src\traditional\proc\p18f4620.asm
                   PCLATU   0x000ffb       data     extern E:\3.46\pic18-lt\cxx-framework\src\traditional\proc\p18f4620.asm
                   STKPTR   0x000ffc       data     extern E:\3.46\pic18-lt\cxx-framework\src\traditional\proc\p18f4620.asm
               STKPTRbits   0x000ffc       data     extern E:\3.46\pic18-lt\cxx-framework\src\traditional\proc\p18f4620.asm
                      TOS   0x000ffd       data     extern E:\3.46\pic18-lt\cxx-framework\src\traditional\proc\p18f4620.asm
                     TOSL   0x000ffd       data     extern E:\3.46\pic18-lt\cxx-framework\src\traditional\proc\p18f4620.asm
                     TOSH   0x000ffe       data     extern E:\3.46\pic18-lt\cxx-framework\src\traditional\proc\p18f4620.asm
                     TOSU   0x000fff       data     extern E:\3.46\pic18-lt\cxx-framework\src\traditional\proc\p18f4620.asm


